*----------------------------------------------------------------------------------------
*	Innovus 15.23-s045_1 (64bit) 04/22/2016 12:32 (Linux 2.6.18-194.el5)
*	
*
* 	Date & Time:	2025-Mar-07 16:13:17 (2025-Mar-08 00:13:17 GMT)
*
*----------------------------------------------------------------------------------------
*
*	Design: fullchip
*
*	Liberty Libraries used: 
*	        WC_VIEW: /home/linux/ieng6/ee260bwi25/public/PDKdata/lib/tcbn65gpluswc.lib
*
*	Power Domain used: 
*		Rail:        VDD 	Voltage:        0.9 
*
*       Power View : WC_VIEW
*
*       User-Defined Activity : N.A.
*
*       Activity File: N.A.
*
*       Hierarchical Global Activity: N.A.
*
*       Global Activity: N.A.
*
*       Sequential Element Activity: 0.200000
*
*       Primary Input Activity: 0.200000
*
*       Default icg ratio: N.A.
*
*       Global Comb ClockGate Ratio: N.A.
*
*	Power Units = 1mW
*
*	Time Units = 1e-09 secs 
*
*       report_power -outfile fullchip.post_route.power.rpt
*
-----------------------------------------------------------------------------------------


Total Power 
-----------------------------------------------------------------------------------------
Total Internal Power:      107.23513145 	   68.6419%
Total Switching Power:      46.90707011 	   30.0255%
Total Leakage Power:         2.08189668 	    1.3326%
Total Power:               156.22409872 
-----------------------------------------------------------------------------------------


Group                           Internal   Switching     Leakage       Total  Percentage 
                                Power      Power         Power         Power  (%)        
-----------------------------------------------------------------------------------------
Sequential                         67.81       3.051      0.5275       71.39        45.7 
Macro                                  0           0      0.4925      0.4925      0.3152 
IO                                     0           0           0           0           0 
Combinational                      32.46       31.29       1.008       64.76       41.45 
Clock (Combinational)              6.962       12.56     0.05343       19.58       12.53 
Clock (Sequential)                     0           0           0           0           0 
-----------------------------------------------------------------------------------------
Total                              107.2       46.91       2.082       156.2         100 
-----------------------------------------------------------------------------------------


Rail                  Voltage   Internal   Switching     Leakage       Total  Percentage 
                                Power      Power         Power         Power  (%)        
-----------------------------------------------------------------------------------------
VDD                       0.9      107.2       46.91       2.082       156.2         100 


Clock                           Internal   Switching     Leakage       Total  Percentage 
                                Power      Power         Power         Power  (%)        
-----------------------------------------------------------------------------------------
clk                                6.962       12.56     0.05343       19.58       12.53 
-----------------------------------------------------------------------------------------
Total (excluding duplicates)       6.962       12.56     0.05343       19.58       12.53 
-----------------------------------------------------------------------------------------


-----------------------------------------------------------------------------------------
*	Power Distribution Summary: 
* 		Highest Average Power: core_instance/CTS_ccl_BUF_clk_G0_L4_88 (CKBD16): 	    0.1548 
* 		Highest Leakage Power: core_instance/mac_array_instance/col_idx_3__mac_col_inst/mac_16in_instance/U984 (FA1D4): 	  0.000265 
* 		Total Cap: 	2.54526e-10 F
* 		Total instances in design: 81843
* 		Total instances in design with no power:     0
*          Total instances in design with no activity:     0
* 		Total Fillers and Decap: 45393
-----------------------------------------------------------------------------------------

