###############################################################
#  Generated by:      Cadence Innovus 15.23-s045_1
#  OS:                Linux x86_64(Host ID ieng6-ece-02.ucsd.edu)
#  Generated on:      Sat Mar 22 13:16:30 2025
#  Design:            sram_w16_out
#  Command:           report_timing -max_paths 5 > ./summaryReport/${design}.post_route.timing.rpt
###############################################################
Path 1: MET Setup Check with Pin Q_reg_129_/CP 
Endpoint:   Q_reg_129_/D (^) checked with  leading edge of 'clk'
Beginpoint: A[0]         (v) triggered by  leading edge of 'clk'
Path Groups: {clk}
Analysis View: WC_VIEW
Other End Arrival Time          0.171
- Setup                         0.192
+ Phase Shift                   3.500
+ CPPR Adjustment               0.000
= Required Time                 3.479
- Arrival Time                  2.730
= Slack Time                    0.749
     Clock Rise Edge                      0.000
     + Input Delay                        0.550
     = Beginpoint Arrival Time            0.550
     +----------------------------------------------------------------------+ 
     |    Instance    |     Arc      |  Cell   | Delay | Arrival | Required | 
     |                |              |         |       |  Time   |   Time   | 
     |----------------+--------------+---------+-------+---------+----------| 
     |                | A[0] v       |         |       |   0.550 |    1.299 | 
     | U2377          | I v -> ZN ^  | CKND0   | 0.032 |   0.582 |    1.331 | 
     | U1860          | A2 ^ -> ZN v | CKND2D0 | 0.096 |   0.678 |    1.427 | 
     | U2380          | A2 v -> ZN ^ | NR2D0   | 0.145 |   0.823 |    1.572 | 
     | FE_OFC12_n2377 | I ^ -> Z ^   | CKBD3   | 0.265 |   1.088 |    1.837 | 
     | FE_OFC13_n2377 | I ^ -> Z ^   | CKBD3   | 0.292 |   1.380 |    2.129 | 
     | FE_OFC14_n2377 | I ^ -> Z ^   | CKBD3   | 0.313 |   1.694 |    2.442 | 
     | U3104          | B1 ^ -> ZN v | AOI22D0 | 0.165 |   1.859 |    2.608 | 
     | U3105          | A2 v -> Z v  | AN4D0   | 0.122 |   1.981 |    2.729 | 
     | U3106          | A2 v -> ZN ^ | CKND2D0 | 0.746 |   2.726 |    3.475 | 
     | Q_reg_129_     | D ^          | EDFQD1  | 0.004 |   2.730 |    3.479 | 
     +----------------------------------------------------------------------+ 
Path 2: MET Setup Check with Pin Q_reg_41_/CP 
Endpoint:   Q_reg_41_/D (^) checked with  leading edge of 'clk'
Beginpoint: A[2]        (v) triggered by  leading edge of 'clk'
Path Groups: {clk}
Analysis View: WC_VIEW
Other End Arrival Time          0.165
- Setup                         0.197
+ Phase Shift                   3.500
+ CPPR Adjustment               0.000
= Required Time                 3.468
- Arrival Time                  2.648
= Slack Time                    0.819
     Clock Rise Edge                      0.000
     + Input Delay                        0.550
     = Beginpoint Arrival Time            0.550
     +----------------------------------------------------------------------+ 
     |    Instance    |     Arc      |  Cell   | Delay | Arrival | Required | 
     |                |              |         |       |  Time   |   Time   | 
     |----------------+--------------+---------+-------+---------+----------| 
     |                | A[2] v       |         |       |   0.550 |    1.369 | 
     | U2383          | I v -> ZN ^  | CKND0   | 0.039 |   0.589 |    1.408 | 
     | U1857          | A1 ^ -> ZN v | CKND2D0 | 0.093 |   0.682 |    1.501 | 
     | U2394          | A2 v -> ZN ^ | NR2XD0  | 0.254 |   0.936 |    1.755 | 
     | FE_OFC39_n3445 | I ^ -> Z ^   | CKBD3   | 0.299 |   1.235 |    2.054 | 
     | FE_OFC40_n3445 | I ^ -> Z ^   | CKBD3   | 0.345 |   1.580 |    2.399 | 
     | FE_OFC41_n3445 | I ^ -> Z ^   | CKBD3   | 0.328 |   1.908 |    2.728 | 
     | U1932          | A1 ^ -> ZN v | AOI22D0 | 0.143 |   2.051 |    2.870 | 
     | U3421          | A4 v -> Z v  | AN4D0   | 0.111 |   2.162 |    2.982 | 
     | U3425          | A1 v -> ZN ^ | CKND2D0 | 0.482 |   2.644 |    3.464 | 
     | Q_reg_41_      | D ^          | EDFQD1  | 0.004 |   2.648 |    3.468 | 
     +----------------------------------------------------------------------+ 
Path 3: MET Setup Check with Pin Q_reg_47_/CP 
Endpoint:   Q_reg_47_/D (v) checked with  leading edge of 'clk'
Beginpoint: A[2]        (^) triggered by  leading edge of 'clk'
Path Groups: {clk}
Analysis View: WC_VIEW
Other End Arrival Time          0.165
- Setup                         0.194
+ Phase Shift                   3.500
+ CPPR Adjustment               0.000
= Required Time                 3.471
- Arrival Time                  2.628
= Slack Time                    0.843
     Clock Rise Edge                      0.000
     + Input Delay                        0.550
     = Beginpoint Arrival Time            0.550
     +----------------------------------------------------------------------+ 
     |    Instance    |     Arc      |  Cell   | Delay | Arrival | Required | 
     |                |              |         |       |  Time   |   Time   | 
     |----------------+--------------+---------+-------+---------+----------| 
     |                | A[2] ^       |         |       |   0.550 |    1.393 | 
     | U2383          | I ^ -> ZN v  | CKND0   | 0.032 |   0.582 |    1.425 | 
     | U1857          | A1 v -> ZN ^ | CKND2D0 | 0.092 |   0.674 |    1.517 | 
     | U2248          | A2 ^ -> ZN v | NR2XD0  | 0.191 |   0.865 |    1.707 | 
     | FE_OFC24_n3257 | I v -> Z v   | CKBD3   | 0.263 |   1.128 |    1.970 | 
     | FE_OFC25_n3257 | I v -> Z v   | CKBD3   | 0.286 |   1.414 |    2.256 | 
     | FE_OFC26_n3257 | I v -> Z v   | CKBD3   | 0.296 |   1.709 |    2.552 | 
     | U1947          | B1 v -> ZN ^ | AOI22D0 | 0.199 |   1.908 |    2.751 | 
     | U3327          | A4 ^ -> Z ^  | AN4D0   | 0.173 |   2.081 |    2.924 | 
     | U3331          | A1 ^ -> ZN v | ND2D0   | 0.543 |   2.625 |    3.467 | 
     | Q_reg_47_      | D v          | EDFQD1  | 0.004 |   2.628 |    3.471 | 
     +----------------------------------------------------------------------+ 
Path 4: MET Setup Check with Pin Q_reg_155_/CP 
Endpoint:   Q_reg_155_/D (^) checked with  leading edge of 'clk'
Beginpoint: A[0]         (v) triggered by  leading edge of 'clk'
Path Groups: {clk}
Analysis View: WC_VIEW
Other End Arrival Time          0.169
- Setup                         0.177
+ Phase Shift                   3.500
+ CPPR Adjustment               0.000
= Required Time                 3.493
- Arrival Time                  2.603
= Slack Time                    0.890
     Clock Rise Edge                      0.000
     + Input Delay                        0.550
     = Beginpoint Arrival Time            0.550
     +----------------------------------------------------------------------+ 
     |    Instance    |     Arc      |  Cell   | Delay | Arrival | Required | 
     |                |              |         |       |  Time   |   Time   | 
     |----------------+--------------+---------+-------+---------+----------| 
     |                | A[0] v       |         |       |   0.550 |    1.440 | 
     | U2377          | I v -> ZN ^  | CKND0   | 0.032 |   0.582 |    1.472 | 
     | U1860          | A2 ^ -> ZN v | CKND2D0 | 0.096 |   0.678 |    1.568 | 
     | U2380          | A2 v -> ZN ^ | NR2D0   | 0.145 |   0.823 |    1.713 | 
     | FE_OFC12_n2377 | I ^ -> Z ^   | CKBD3   | 0.265 |   1.088 |    1.978 | 
     | FE_OFC13_n2377 | I ^ -> Z ^   | CKBD3   | 0.292 |   1.380 |    2.270 | 
     | FE_OFC14_n2377 | I ^ -> Z ^   | CKBD3   | 0.313 |   1.694 |    2.584 | 
     | U3313          | B1 ^ -> ZN v | AOI22D0 | 0.179 |   1.873 |    2.763 | 
     | U3314          | A2 v -> Z v  | AN4D0   | 0.129 |   2.003 |    2.893 | 
     | U3315          | A2 v -> ZN ^ | CKND2D0 | 0.595 |   2.597 |    3.487 | 
     | Q_reg_155_     | D ^          | EDFQD1  | 0.006 |   2.603 |    3.493 | 
     +----------------------------------------------------------------------+ 
Path 5: MET Setup Check with Pin Q_reg_113_/CP 
Endpoint:   Q_reg_113_/D (^) checked with  leading edge of 'clk'
Beginpoint: A[0]         (v) triggered by  leading edge of 'clk'
Path Groups: {clk}
Analysis View: WC_VIEW
Other End Arrival Time          0.172
- Setup                         0.188
+ Phase Shift                   3.500
+ CPPR Adjustment               0.000
= Required Time                 3.484
- Arrival Time                  2.580
= Slack Time                    0.904
     Clock Rise Edge                      0.000
     + Input Delay                        0.550
     = Beginpoint Arrival Time            0.550
     +----------------------------------------------------------------------+ 
     |    Instance    |     Arc      |  Cell   | Delay | Arrival | Required | 
     |                |              |         |       |  Time   |   Time   | 
     |----------------+--------------+---------+-------+---------+----------| 
     |                | A[0] v       |         |       |   0.550 |    1.454 | 
     | U2377          | I v -> ZN ^  | CKND0   | 0.032 |   0.582 |    1.486 | 
     | U1860          | A2 ^ -> ZN v | CKND2D0 | 0.096 |   0.678 |    1.582 | 
     | U2380          | A2 v -> ZN ^ | NR2D0   | 0.145 |   0.823 |    1.727 | 
     | FE_OFC12_n2377 | I ^ -> Z ^   | CKBD3   | 0.265 |   1.088 |    1.992 | 
     | FE_OFC13_n2377 | I ^ -> Z ^   | CKBD3   | 0.292 |   1.380 |    2.284 | 
     | FE_OFC14_n2377 | I ^ -> Z ^   | CKBD3   | 0.313 |   1.694 |    2.598 | 
     | U3470          | B1 ^ -> ZN v | AOI22D0 | 0.211 |   1.905 |    2.809 | 
     | U3471          | A2 v -> Z v  | AN4D0   | 0.104 |   2.009 |    2.913 | 
     | U3472          | A2 v -> ZN ^ | CKND2D0 | 0.568 |   2.577 |    3.481 | 
     | Q_reg_113_     | D ^          | EDFQD1  | 0.003 |   2.580 |    3.484 | 
     +----------------------------------------------------------------------+ 

