###############################################################
#  Generated by:      Cadence Innovus 15.23-s045_1
#  OS:                Linux x86_64(Host ID ieng6-ece-02.ucsd.edu)
#  Generated on:      Sat Mar 22 19:24:21 2025
#  Design:            core
#  Command:           report_timing -max_paths 5 > ./summaryReport/${design}.post_route.timing.rpt
###############################################################
Path 1: VIOLATED Setup Check with Pin sfp_instance/R_7697/CP 
Endpoint:   sfp_instance/R_7697/D                              (v) checked with 
leading edge of 'clk'
Beginpoint: sfp_instance/fifo_inst_int/fifo_mem_reg_14__22_/QN (v) triggered by 
leading edge of 'clk'
Path Groups: {clk}
Analysis View: WC_VIEW
Other End Arrival Time          1.173
- Setup                         0.079
+ Phase Shift                   3.500
+ CPPR Adjustment               0.000
= Required Time                 4.594
- Arrival Time                  4.613
= Slack Time                   -0.019
     Clock Rise Edge                 0.000
     + Clock Network Latency (Prop)  0.680
     = Beginpoint Arrival Time       0.680
     +--------------------------------------------------------------------------------------------------------+ 
     |                    Instance                     |     Arc      |   Cell   | Delay | Arrival | Required | 
     |                                                 |              |          |       |  Time   |   Time   | 
     |-------------------------------------------------+--------------+----------+-------+---------+----------| 
     | sfp_instance/fifo_inst_int/fifo_mem_reg_14__22_ | CP ^         |          |       |   0.680 |    0.660 | 
     | sfp_instance/fifo_inst_int/fifo_mem_reg_14__22_ | CP ^ -> QN v | DFD4     | 0.184 |   0.864 |    0.845 | 
     | sfp_instance/fifo_inst_int/FE_RC_5531_0         | A1 v -> ZN ^ | OAI21D4  | 0.040 |   0.905 |    0.885 | 
     | sfp_instance/fifo_inst_int/FE_RC_5530_0         | A1 ^ -> ZN v | NR3D4    | 0.030 |   0.935 |    0.915 | 
     | sfp_instance/fifo_inst_int/FE_RC_5529_0         | A1 v -> ZN ^ | CKND2D8  | 0.047 |   0.982 |    0.962 | 
     | sfp_instance/U12115                             | A1 ^ -> ZN v | NR2XD8   | 0.034 |   1.016 |    0.997 | 
     | sfp_instance/FE_RC_470_0                        | A2 v -> ZN ^ | OAI21D4  | 0.048 |   1.064 |    1.044 | 
     | sfp_instance/FE_RC_1930_0                       | A1 ^ -> ZN v | ND2D2    | 0.037 |   1.101 |    1.081 | 
     | sfp_instance/FE_RC_5480_0                       | B v -> ZN ^  | OAI21D4  | 0.036 |   1.137 |    1.117 | 
     | sfp_instance/FE_OCPC5481_FE_RN_974_0            | I ^ -> Z ^   | BUFFD16  | 0.060 |   1.196 |    1.177 | 
     | sfp_instance/FE_RC_2552_0                       | A1 ^ -> ZN v | ND3D8    | 0.039 |   1.235 |    1.216 | 
     | sfp_instance/U1958                              | A1 v -> ZN ^ | NR2XD4   | 0.035 |   1.270 |    1.251 | 
     | sfp_instance/FE_OCPC5314_n725                   | I ^ -> Z ^   | CKBD4    | 0.051 |   1.321 |    1.302 | 
     | sfp_instance/FE_RC_5475_0                       | A1 ^ -> ZN v | CKND2D2  | 0.025 |   1.347 |    1.327 | 
     | sfp_instance/FE_OCPC3638_n12834                 | I v -> Z v   | BUFFD4   | 0.048 |   1.395 |    1.375 | 
     | sfp_instance/U3963                              | A1 v -> ZN ^ | NR2XD2   | 0.026 |   1.421 |    1.401 | 
     | sfp_instance/FE_RC_16_0                         | A1 ^ -> ZN ^ | INR2D2   | 0.070 |   1.491 |    1.472 | 
     | sfp_instance/U157                               | A1 ^ -> ZN v | NR2XD2   | 0.048 |   1.539 |    1.519 | 
     | sfp_instance/FE_RC_462_0                        | A1 v -> ZN ^ | NR2XD1   | 0.042 |   1.581 |    1.561 | 
     | sfp_instance/FE_RC_461_0                        | A1 ^ -> ZN v | NR2XD2   | 0.030 |   1.610 |    1.591 | 
     | sfp_instance/FE_RC_2679_0                       | A1 v -> ZN ^ | OAI21D4  | 0.048 |   1.659 |    1.639 | 
     | sfp_instance/U146                               | A1 ^ -> ZN v | NR2D8    | 0.029 |   1.688 |    1.668 | 
     | sfp_instance/FE_RC_2519_0                       | A2 v -> ZN ^ | OAI21D4  | 0.080 |   1.767 |    1.748 | 
     | sfp_instance/U1835                              | A1 ^ -> Z ^  | AN2D4    | 0.083 |   1.850 |    1.830 | 
     | sfp_instance/FE_RC_1578_0_dup                   | A2 ^ -> ZN v | AOI21D4  | 0.035 |   1.885 |    1.865 | 
     | sfp_instance/U12206                             | A1 v -> ZN ^ | ND2D4    | 0.026 |   1.911 |    1.891 | 
     | sfp_instance/FE_RC_372_0                        | A1 ^ -> ZN ^ | IND2D4   | 0.047 |   1.958 |    1.938 | 
     | sfp_instance/FE_RC_371_0                        | A2 ^ -> ZN v | CKND2D8  | 0.054 |   2.011 |    1.992 | 
     | sfp_instance/U7752                              | A1 v -> ZN ^ | OAI22D4  | 0.046 |   2.057 |    2.038 | 
     | sfp_instance/U7751                              | A1 ^ -> ZN v | NR2XD2   | 0.033 |   2.091 |    2.071 | 
     | sfp_instance/U4944                              | A2 v -> ZN ^ | CKND2D2  | 0.035 |   2.125 |    2.106 | 
     | sfp_instance/U1681                              | B ^ -> ZN v  | OAI211D4 | 0.063 |   2.189 |    2.169 | 
     | sfp_instance/U10637                             | A1 v -> ZN ^ | AOI21D4  | 0.045 |   2.234 |    2.214 | 
     | sfp_instance/U12243                             | A1 ^ -> ZN v | OAI22D4  | 0.043 |   2.277 |    2.257 | 
     | sfp_instance/U12244                             | A1 v -> ZN ^ | ND2D4    | 0.040 |   2.316 |    2.297 | 
     | sfp_instance/U3739                              | A2 ^ -> ZN v | CKND2D8  | 0.039 |   2.355 |    2.336 | 
     | sfp_instance/FE_OCPC3444_n1023                  | I v -> ZN ^  | INVD3    | 0.026 |   2.381 |    2.362 | 
     | sfp_instance/U3721                              | A1 ^ -> ZN v | ND2D4    | 0.028 |   2.409 |    2.390 | 
     | sfp_instance/U4260                              | A1 v -> ZN ^ | ND2D4    | 0.025 |   2.434 |    2.415 | 
     | sfp_instance/U3698                              | A1 ^ -> ZN v | NR2XD4   | 0.028 |   2.462 |    2.443 | 
     | sfp_instance/U1582                              | I v -> ZN ^  | CKND12   | 0.033 |   2.495 |    2.476 | 
     | sfp_instance/U12342                             | S ^ -> ZN ^  | MUX2ND4  | 0.095 |   2.590 |    2.571 | 
     | sfp_instance/U3650                              | A2 ^ -> ZN v | ND2D2    | 0.037 |   2.627 |    2.608 | 
     | sfp_instance/FE_OCPC3980_n1522                  | I v -> Z v   | BUFFD16  | 0.059 |   2.686 |    2.666 | 
     | sfp_instance/FE_OCPC5662_n1522                  | I v -> ZN ^  | CKND4    | 0.017 |   2.703 |    2.683 | 
     | sfp_instance/U6638                              | A1 ^ -> ZN v | ND2D2    | 0.020 |   2.722 |    2.703 | 
     | sfp_instance/U6637                              | A1 v -> ZN ^ | ND2D2    | 0.024 |   2.746 |    2.727 | 
     | sfp_instance/U7732                              | A1 ^ -> ZN v | ND3D2    | 0.044 |   2.791 |    2.771 | 
     | sfp_instance/U1440                              | A1 v -> ZN ^ | CKND2D2  | 0.033 |   2.824 |    2.805 | 
     | sfp_instance/U1423                              | A1 ^ -> ZN v | ND2D2    | 0.034 |   2.858 |    2.839 | 
     | sfp_instance/U9717                              | A1 v -> ZN ^ | AOI21D4  | 0.033 |   2.891 |    2.872 | 
     | sfp_instance/U9715                              | A1 ^ -> ZN v | OAI22D2  | 0.048 |   2.939 |    2.920 | 
     | sfp_instance/U1388                              | A1 v -> ZN ^ | ND2D3    | 0.042 |   2.981 |    2.962 | 
     | sfp_instance/U1376                              | A1 ^ -> ZN v | ND2D4    | 0.037 |   3.018 |    2.999 | 
     | sfp_instance/U1375                              | I v -> ZN ^  | INVD6    | 0.032 |   3.050 |    3.031 | 
     | sfp_instance/U3406                              | A1 ^ -> ZN v | AOI22D4  | 0.035 |   3.085 |    3.066 | 
     | sfp_instance/FE_RC_226_0                        | A1 v -> ZN ^ | ND3D8    | 0.038 |   3.123 |    3.104 | 
     | sfp_instance/U10835                             | A1 ^ -> Z ^  | OR2D8    | 0.069 |   3.193 |    3.173 | 
     | sfp_instance/FE_RC_4807_0                       | B1 ^ -> ZN v | OAI22D2  | 0.044 |   3.236 |    3.217 | 
     | sfp_instance/FE_RC_758_0                        | I v -> ZN ^  | CKND3    | 0.041 |   3.277 |    3.258 | 
     | sfp_instance/FE_RC_757_0                        | A1 ^ -> ZN v | ND3D8    | 0.081 |   3.358 |    3.339 | 
     | sfp_instance/U6610                              | A1 v -> ZN ^ | NR2XD1   | 0.063 |   3.421 |    3.402 | 
     | sfp_instance/U4790                              | A2 ^ -> ZN v | NR2XD0   | 0.043 |   3.464 |    3.445 | 
     | sfp_instance/FE_RC_2168_0                       | A1 v -> ZN ^ | CKND2D1  | 0.037 |   3.501 |    3.482 | 
     | sfp_instance/FE_RC_2166_0                       | A1 ^ -> ZN v | ND2D2    | 0.033 |   3.534 |    3.515 | 
     | sfp_instance/FE_RC_2167_0                       | I v -> ZN ^  | INVD3    | 0.034 |   3.568 |    3.549 | 
     | sfp_instance/U12858                             | I ^ -> ZN v  | INVD1    | 0.041 |   3.609 |    3.590 | 
     | sfp_instance/U12947                             | A1 v -> ZN ^ | AOI21D1  | 0.054 |   3.664 |    3.644 | 
     | sfp_instance/U12950                             | A1 ^ -> Z v  | CKXOR2D1 | 0.099 |   3.762 |    3.743 | 
     | sfp_instance/U12959                             | A2 v -> Z v  | AO22D1   | 0.093 |   3.856 |    3.836 | 
     | sfp_instance/FE_RC_710_0                        | A1 v -> ZN ^ | NR2XD2   | 0.033 |   3.889 |    3.870 | 
     | sfp_instance/U2800                              | A2 ^ -> ZN v | ND4D3    | 0.069 |   3.958 |    3.939 | 
     | sfp_instance/FE_OCPC4975_n21429                 | I v -> Z v   | BUFFD16  | 0.072 |   4.030 |    4.011 | 
     | sfp_instance/U2713                              | A1 v -> ZN ^ | NR2XD0   | 0.079 |   4.110 |    4.090 | 
     | sfp_instance/U18846                             | A1 ^ -> ZN v | OAI21D1  | 0.056 |   4.165 |    4.146 | 
     | sfp_instance/U18847                             | B v -> ZN ^  | AOI21D2  | 0.069 |   4.235 |    4.215 | 
     | sfp_instance/U9025                              | A1 ^ -> ZN v | OAI21D1  | 0.042 |   4.277 |    4.257 | 
     | sfp_instance/FE_RC_2060_0                       | A1 v -> ZN v | IND2D2   | 0.060 |   4.337 |    4.317 | 
     | sfp_instance/U9680                              | A1 v -> ZN ^ | CKND2D3  | 0.027 |   4.363 |    4.344 | 
     | sfp_instance/U2261                              | A1 ^ -> ZN v | NR2D3    | 0.021 |   4.385 |    4.365 | 
     | sfp_instance/U2244                              | A1 v -> ZN ^ | NR2XD2   | 0.029 |   4.413 |    4.394 | 
     | sfp_instance/U2235                              | A2 ^ -> ZN v | ND2D4    | 0.039 |   4.452 |    4.433 | 
     | sfp_instance/U5921                              | A1 v -> ZN ^ | NR3D1    | 0.060 |   4.512 |    4.493 | 
     | sfp_instance/FE_OFC1752_n21471                  | I ^ -> Z ^   | BUFFD8   | 0.070 |   4.582 |    4.563 | 
     | sfp_instance/U10243                             | A1 ^ -> ZN v | AOI22D2  | 0.031 |   4.613 |    4.594 | 
     | sfp_instance/R_7697                             | D v          | EDFQD1   | 0.000 |   4.613 |    4.594 | 
     +--------------------------------------------------------------------------------------------------------+ 
Path 2: VIOLATED Setup Check with Pin sfp_instance/R_7711/CP 
Endpoint:   sfp_instance/R_7711/D                              (v) checked with 
leading edge of 'clk'
Beginpoint: sfp_instance/fifo_inst_int/fifo_mem_reg_14__22_/QN (v) triggered by 
leading edge of 'clk'
Path Groups: {clk}
Analysis View: WC_VIEW
Other End Arrival Time          1.173
- Setup                         0.072
+ Phase Shift                   3.500
+ CPPR Adjustment               0.000
= Required Time                 4.601
- Arrival Time                  4.617
= Slack Time                   -0.015
     Clock Rise Edge                 0.000
     + Clock Network Latency (Prop)  0.680
     = Beginpoint Arrival Time       0.680
     +--------------------------------------------------------------------------------------------------------+ 
     |                    Instance                     |     Arc      |   Cell   | Delay | Arrival | Required | 
     |                                                 |              |          |       |  Time   |   Time   | 
     |-------------------------------------------------+--------------+----------+-------+---------+----------| 
     | sfp_instance/fifo_inst_int/fifo_mem_reg_14__22_ | CP ^         |          |       |   0.680 |    0.664 | 
     | sfp_instance/fifo_inst_int/fifo_mem_reg_14__22_ | CP ^ -> QN v | DFD4     | 0.184 |   0.864 |    0.849 | 
     | sfp_instance/fifo_inst_int/FE_RC_5531_0         | A1 v -> ZN ^ | OAI21D4  | 0.040 |   0.905 |    0.889 | 
     | sfp_instance/fifo_inst_int/FE_RC_5530_0         | A1 ^ -> ZN v | NR3D4    | 0.030 |   0.935 |    0.920 | 
     | sfp_instance/fifo_inst_int/FE_RC_5529_0         | A1 v -> ZN ^ | CKND2D8  | 0.047 |   0.982 |    0.967 | 
     | sfp_instance/U12115                             | A1 ^ -> ZN v | NR2XD8   | 0.034 |   1.016 |    1.001 | 
     | sfp_instance/FE_RC_470_0                        | A2 v -> ZN ^ | OAI21D4  | 0.048 |   1.064 |    1.049 | 
     | sfp_instance/FE_RC_1930_0                       | A1 ^ -> ZN v | ND2D2    | 0.037 |   1.101 |    1.086 | 
     | sfp_instance/FE_RC_5480_0                       | B v -> ZN ^  | OAI21D4  | 0.036 |   1.137 |    1.122 | 
     | sfp_instance/FE_OCPC5481_FE_RN_974_0            | I ^ -> Z ^   | BUFFD16  | 0.060 |   1.196 |    1.181 | 
     | sfp_instance/FE_RC_2552_0                       | A1 ^ -> ZN v | ND3D8    | 0.039 |   1.235 |    1.220 | 
     | sfp_instance/U1958                              | A1 v -> ZN ^ | NR2XD4   | 0.035 |   1.270 |    1.255 | 
     | sfp_instance/FE_OCPC5314_n725                   | I ^ -> Z ^   | CKBD4    | 0.051 |   1.321 |    1.306 | 
     | sfp_instance/FE_RC_5475_0                       | A1 ^ -> ZN v | CKND2D2  | 0.025 |   1.347 |    1.332 | 
     | sfp_instance/FE_OCPC3638_n12834                 | I v -> Z v   | BUFFD4   | 0.048 |   1.395 |    1.379 | 
     | sfp_instance/U3963                              | A1 v -> ZN ^ | NR2XD2   | 0.026 |   1.421 |    1.406 | 
     | sfp_instance/FE_RC_16_0                         | A1 ^ -> ZN ^ | INR2D2   | 0.070 |   1.491 |    1.476 | 
     | sfp_instance/U157                               | A1 ^ -> ZN v | NR2XD2   | 0.048 |   1.539 |    1.524 | 
     | sfp_instance/FE_RC_462_0                        | A1 v -> ZN ^ | NR2XD1   | 0.042 |   1.581 |    1.566 | 
     | sfp_instance/FE_RC_461_0                        | A1 ^ -> ZN v | NR2XD2   | 0.030 |   1.610 |    1.595 | 
     | sfp_instance/FE_RC_2679_0                       | A1 v -> ZN ^ | OAI21D4  | 0.048 |   1.659 |    1.643 | 
     | sfp_instance/U146                               | A1 ^ -> ZN v | NR2D8    | 0.029 |   1.688 |    1.673 | 
     | sfp_instance/FE_RC_2519_0                       | A2 v -> ZN ^ | OAI21D4  | 0.080 |   1.767 |    1.752 | 
     | sfp_instance/U1835                              | A1 ^ -> Z ^  | AN2D4    | 0.083 |   1.850 |    1.835 | 
     | sfp_instance/FE_RC_1578_0_dup                   | A2 ^ -> ZN v | AOI21D4  | 0.035 |   1.885 |    1.869 | 
     | sfp_instance/U12206                             | A1 v -> ZN ^ | ND2D4    | 0.026 |   1.911 |    1.896 | 
     | sfp_instance/FE_RC_372_0                        | A1 ^ -> ZN ^ | IND2D4   | 0.047 |   1.958 |    1.943 | 
     | sfp_instance/FE_RC_371_0                        | A2 ^ -> ZN v | CKND2D8  | 0.054 |   2.011 |    1.996 | 
     | sfp_instance/U7752                              | A1 v -> ZN ^ | OAI22D4  | 0.046 |   2.057 |    2.042 | 
     | sfp_instance/U7751                              | A1 ^ -> ZN v | NR2XD2   | 0.033 |   2.091 |    2.075 | 
     | sfp_instance/U4944                              | A2 v -> ZN ^ | CKND2D2  | 0.035 |   2.125 |    2.110 | 
     | sfp_instance/U1681                              | B ^ -> ZN v  | OAI211D4 | 0.063 |   2.189 |    2.173 | 
     | sfp_instance/U10637                             | A1 v -> ZN ^ | AOI21D4  | 0.045 |   2.234 |    2.218 | 
     | sfp_instance/U12243                             | A1 ^ -> ZN v | OAI22D4  | 0.043 |   2.277 |    2.262 | 
     | sfp_instance/U12244                             | A1 v -> ZN ^ | ND2D4    | 0.040 |   2.316 |    2.301 | 
     | sfp_instance/U3739                              | A2 ^ -> ZN v | CKND2D8  | 0.039 |   2.355 |    2.340 | 
     | sfp_instance/FE_OCPC3444_n1023                  | I v -> ZN ^  | INVD3    | 0.026 |   2.381 |    2.366 | 
     | sfp_instance/U3721                              | A1 ^ -> ZN v | ND2D4    | 0.028 |   2.409 |    2.394 | 
     | sfp_instance/U4260                              | A1 v -> ZN ^ | ND2D4    | 0.025 |   2.434 |    2.419 | 
     | sfp_instance/U3698                              | A1 ^ -> ZN v | NR2XD4   | 0.028 |   2.462 |    2.447 | 
     | sfp_instance/U1582                              | I v -> ZN ^  | CKND12   | 0.033 |   2.495 |    2.480 | 
     | sfp_instance/U12342                             | S ^ -> ZN ^  | MUX2ND4  | 0.095 |   2.590 |    2.575 | 
     | sfp_instance/U3650                              | A2 ^ -> ZN v | ND2D2    | 0.037 |   2.627 |    2.612 | 
     | sfp_instance/FE_OCPC3980_n1522                  | I v -> Z v   | BUFFD16  | 0.059 |   2.686 |    2.671 | 
     | sfp_instance/FE_OCPC5662_n1522                  | I v -> ZN ^  | CKND4    | 0.017 |   2.703 |    2.688 | 
     | sfp_instance/U6638                              | A1 ^ -> ZN v | ND2D2    | 0.020 |   2.722 |    2.707 | 
     | sfp_instance/U6637                              | A1 v -> ZN ^ | ND2D2    | 0.024 |   2.746 |    2.731 | 
     | sfp_instance/U7732                              | A1 ^ -> ZN v | ND3D2    | 0.044 |   2.791 |    2.776 | 
     | sfp_instance/U1440                              | A1 v -> ZN ^ | CKND2D2  | 0.033 |   2.824 |    2.809 | 
     | sfp_instance/U1423                              | A1 ^ -> ZN v | ND2D2    | 0.034 |   2.858 |    2.843 | 
     | sfp_instance/U9717                              | A1 v -> ZN ^ | AOI21D4  | 0.033 |   2.891 |    2.876 | 
     | sfp_instance/U9715                              | A1 ^ -> ZN v | OAI22D2  | 0.048 |   2.939 |    2.924 | 
     | sfp_instance/U1388                              | A1 v -> ZN ^ | ND2D3    | 0.042 |   2.981 |    2.966 | 
     | sfp_instance/U1376                              | A1 ^ -> ZN v | ND2D4    | 0.037 |   3.018 |    3.003 | 
     | sfp_instance/U1375                              | I v -> ZN ^  | INVD6    | 0.032 |   3.050 |    3.035 | 
     | sfp_instance/U3406                              | A1 ^ -> ZN v | AOI22D4  | 0.035 |   3.085 |    3.070 | 
     | sfp_instance/FE_RC_226_0                        | A1 v -> ZN ^ | ND3D8    | 0.038 |   3.123 |    3.108 | 
     | sfp_instance/U10835                             | A1 ^ -> Z ^  | OR2D8    | 0.069 |   3.193 |    3.178 | 
     | sfp_instance/FE_RC_4807_0                       | B1 ^ -> ZN v | OAI22D2  | 0.044 |   3.236 |    3.221 | 
     | sfp_instance/FE_RC_758_0                        | I v -> ZN ^  | CKND3    | 0.041 |   3.277 |    3.262 | 
     | sfp_instance/FE_RC_757_0                        | A1 ^ -> ZN v | ND3D8    | 0.081 |   3.358 |    3.343 | 
     | sfp_instance/U6610                              | A1 v -> ZN ^ | NR2XD1   | 0.063 |   3.421 |    3.406 | 
     | sfp_instance/U4790                              | A2 ^ -> ZN v | NR2XD0   | 0.043 |   3.464 |    3.449 | 
     | sfp_instance/FE_RC_2168_0                       | A1 v -> ZN ^ | CKND2D1  | 0.037 |   3.501 |    3.486 | 
     | sfp_instance/FE_RC_2166_0                       | A1 ^ -> ZN v | ND2D2    | 0.033 |   3.534 |    3.519 | 
     | sfp_instance/FE_RC_2167_0                       | I v -> ZN ^  | INVD3    | 0.034 |   3.568 |    3.553 | 
     | sfp_instance/U12858                             | I ^ -> ZN v  | INVD1    | 0.041 |   3.609 |    3.594 | 
     | sfp_instance/U12947                             | A1 v -> ZN ^ | AOI21D1  | 0.054 |   3.664 |    3.648 | 
     | sfp_instance/U12950                             | A1 ^ -> Z v  | CKXOR2D1 | 0.099 |   3.762 |    3.747 | 
     | sfp_instance/U12959                             | A2 v -> Z v  | AO22D1   | 0.093 |   3.856 |    3.841 | 
     | sfp_instance/FE_RC_710_0                        | A1 v -> ZN ^ | NR2XD2   | 0.033 |   3.889 |    3.874 | 
     | sfp_instance/U2800                              | A2 ^ -> ZN v | ND4D3    | 0.069 |   3.958 |    3.943 | 
     | sfp_instance/FE_OCPC4975_n21429                 | I v -> Z v   | BUFFD16  | 0.072 |   4.030 |    4.015 | 
     | sfp_instance/U2713                              | A1 v -> ZN ^ | NR2XD0   | 0.079 |   4.110 |    4.095 | 
     | sfp_instance/U18846                             | A1 ^ -> ZN v | OAI21D1  | 0.056 |   4.165 |    4.150 | 
     | sfp_instance/U18847                             | B v -> ZN ^  | AOI21D2  | 0.069 |   4.235 |    4.219 | 
     | sfp_instance/U9025                              | A1 ^ -> ZN v | OAI21D1  | 0.042 |   4.277 |    4.262 | 
     | sfp_instance/FE_RC_2060_0                       | A1 v -> ZN v | IND2D2   | 0.060 |   4.337 |    4.322 | 
     | sfp_instance/U9680                              | A1 v -> ZN ^ | CKND2D3  | 0.027 |   4.363 |    4.348 | 
     | sfp_instance/U2261                              | A1 ^ -> ZN v | NR2D3    | 0.021 |   4.385 |    4.370 | 
     | sfp_instance/U2244                              | A1 v -> ZN ^ | NR2XD2   | 0.029 |   4.413 |    4.398 | 
     | sfp_instance/U2235                              | A2 ^ -> ZN v | ND2D4    | 0.039 |   4.452 |    4.437 | 
     | sfp_instance/U5921                              | A1 v -> ZN ^ | NR3D1    | 0.060 |   4.512 |    4.497 | 
     | sfp_instance/FE_OFC1752_n21471                  | I ^ -> Z ^   | BUFFD8   | 0.070 |   4.582 |    4.567 | 
     | sfp_instance/FE_RC_1968_0                       | A1 ^ -> ZN v | OAI21D2  | 0.035 |   4.617 |    4.601 | 
     | sfp_instance/R_7711                             | D v          | EDFQD1   | 0.000 |   4.617 |    4.601 | 
     +--------------------------------------------------------------------------------------------------------+ 
Path 3: VIOLATED Setup Check with Pin sfp_instance/R_7242/CP 
Endpoint:   sfp_instance/R_7242/D                            (^) checked with  
leading edge of 'clk'
Beginpoint: sfp_instance/fifo_inst_int/fifo_mem_reg_1__22_/Q (v) triggered by  
leading edge of 'clk'
Path Groups: {clk}
Analysis View: WC_VIEW
Other End Arrival Time          1.246
- Setup                         0.088
+ Phase Shift                   3.500
+ CPPR Adjustment               0.000
= Required Time                 4.658
- Arrival Time                  4.670
= Slack Time                   -0.012
     Clock Rise Edge                 0.000
     + Clock Network Latency (Prop)  0.680
     = Beginpoint Arrival Time       0.680
     +------------------------------------------------------------------------------------------------------+ 
     |                    Instance                    |     Arc      |  Cell   | Delay | Arrival | Required | 
     |                                                |              |         |       |  Time   |   Time   | 
     |------------------------------------------------+--------------+---------+-------+---------+----------| 
     | sfp_instance/fifo_inst_int/fifo_mem_reg_1__22_ | CP ^         |         |       |   0.680 |    0.668 | 
     | sfp_instance/fifo_inst_int/fifo_mem_reg_1__22_ | CP ^ -> Q v  | DFQD4   | 0.141 |   0.820 |    0.809 | 
     | sfp_instance/fifo_inst_int/FE_RC_5539_0        | A1 v -> ZN ^ | ND2D2   | 0.025 |   0.845 |    0.834 | 
     | sfp_instance/fifo_inst_int/FE_RC_5537_0        | A2 ^ -> ZN v | CKND2D4 | 0.029 |   0.874 |    0.863 | 
     | sfp_instance/fifo_inst_int/FE_RC_5530_0        | A3 v -> ZN ^ | NR3D4   | 0.057 |   0.931 |    0.919 | 
     | sfp_instance/fifo_inst_int/FE_RC_5529_0        | A1 ^ -> ZN v | CKND2D8 | 0.055 |   0.986 |    0.974 | 
     | sfp_instance/U12116                            | A1 v -> ZN ^ | ND2D8   | 0.043 |   1.029 |    1.017 | 
     | sfp_instance/FE_RC_470_0                       | B ^ -> ZN v  | OAI21D4 | 0.042 |   1.071 |    1.059 | 
     | sfp_instance/FE_RC_1930_0                      | A1 v -> ZN ^ | ND2D2   | 0.029 |   1.100 |    1.089 | 
     | sfp_instance/FE_RC_5480_0                      | B ^ -> ZN v  | OAI21D4 | 0.045 |   1.145 |    1.133 | 
     | sfp_instance/FE_OCPC5481_FE_RN_974_0           | I v -> Z v   | BUFFD16 | 0.058 |   1.203 |    1.192 | 
     | sfp_instance/FE_OCPC5483_FE_RN_974_0           | I v -> Z v   | BUFFD12 | 0.058 |   1.261 |    1.250 | 
     | sfp_instance/FE_OCPC5488_FE_RN_974_0           | I v -> ZN ^  | CKND8   | 0.045 |   1.306 |    1.294 | 
     | sfp_instance/FE_OCPC5491_FE_RN_974_0           | I ^ -> ZN v  | INVD6   | 0.022 |   1.329 |    1.317 | 
     | sfp_instance/U10974                            | A1 v -> ZN ^ | NR2XD4  | 0.026 |   1.355 |    1.343 | 
     | sfp_instance/U11963                            | I ^ -> ZN v  | INVD6   | 0.023 |   1.378 |    1.366 | 
     | sfp_instance/U9179                             | A2 v -> ZN ^ | AOI21D4 | 0.042 |   1.420 |    1.408 | 
     | sfp_instance/FE_RC_4971_0                      | B ^ -> ZN v  | OAI21D4 | 0.047 |   1.466 |    1.455 | 
     | sfp_instance/FE_RC_4949_0                      | B1 v -> ZN ^ | INR2XD4 | 0.037 |   1.503 |    1.491 | 
     | sfp_instance/U3952                             | A1 ^ -> ZN v | OAI21D4 | 0.026 |   1.529 |    1.518 | 
     | sfp_instance/FE_RC_751_0                       | A1 v -> ZN ^ | NR2XD2  | 0.035 |   1.564 |    1.552 | 
     | sfp_instance/U9177                             | A1 ^ -> ZN v | CKND2D4 | 0.025 |   1.589 |    1.577 | 
     | sfp_instance/U4296                             | B v -> ZN ^  | AOI21D4 | 0.069 |   1.658 |    1.646 | 
     | sfp_instance/FE_RC_1769_0                      | A1 ^ -> ZN v | CKND2D8 | 0.050 |   1.708 |    1.697 | 
     | sfp_instance/FE_RC_4760_0                      | A1 v -> Z v  | AN2D4   | 0.051 |   1.760 |    1.748 | 
     | sfp_instance/FE_RC_1448_0                      | A1 v -> ZN ^ | ND2D4   | 0.018 |   1.777 |    1.766 | 
     | sfp_instance/FE_RC_4083_0                      | B ^ -> ZN v  | OAI21D4 | 0.034 |   1.811 |    1.800 | 
     | sfp_instance/FE_RC_1252_0                      | B v -> ZN ^  | AOI21D4 | 0.061 |   1.872 |    1.860 | 
     | sfp_instance/U1806                             | A1 ^ -> ZN v | CKND2D8 | 0.051 |   1.923 |    1.911 | 
     | sfp_instance/FE_OCPC5448_N600                  | I v -> ZN ^  | CKND1   | 0.038 |   1.961 |    1.949 | 
     | sfp_instance/FE_RC_3810_0                      | A1 ^ -> ZN v | CKND2D3 | 0.035 |   1.996 |    1.984 | 
     | sfp_instance/FE_RC_3808_0                      | A2 v -> ZN ^ | CKND2D8 | 0.040 |   2.036 |    2.025 | 
     | sfp_instance/FE_OCPC4970_n11272                | I ^ -> Z ^   | BUFFD8  | 0.047 |   2.083 |    2.072 | 
     | sfp_instance/U3835                             | A1 ^ -> ZN v | NR2D3   | 0.017 |   2.101 |    2.089 | 
     | sfp_instance/U1690                             | B v -> ZN ^  | AOI21D4 | 0.062 |   2.163 |    2.151 | 
     | sfp_instance/FE_RC_4849_0                      | A1 ^ -> ZN v | CKND2D3 | 0.032 |   2.195 |    2.183 | 
     | sfp_instance/FE_RC_4848_0                      | A1 v -> ZN ^ | AOI21D4 | 0.061 |   2.255 |    2.244 | 
     | sfp_instance/U17206                            | I ^ -> ZN v  | INVD4   | 0.041 |   2.297 |    2.285 | 
     | sfp_instance/U1651                             | A2 v -> ZN ^ | ND2D8   | 0.033 |   2.330 |    2.318 | 
     | sfp_instance/FE_RC_4861_0                      | A1 ^ -> ZN v | CKND2D8 | 0.039 |   2.369 |    2.358 | 
     | sfp_instance/U114                              | A1 v -> ZN ^ | NR2D8   | 0.061 |   2.431 |    2.419 | 
     | sfp_instance/FE_RC_1515_0                      | A1 ^ -> ZN v | AOI22D4 | 0.035 |   2.465 |    2.454 | 
     | sfp_instance/U1593                             | A1 v -> ZN ^ | ND2D2   | 0.030 |   2.495 |    2.484 | 
     | sfp_instance/U4376                             | I1 ^ -> Z ^  | MUX2D4  | 0.104 |   2.599 |    2.588 | 
     | sfp_instance/U17339                            | A1 ^ -> Z ^  | AN2D4   | 0.061 |   2.660 |    2.648 | 
     | sfp_instance/U1549                             | A2 ^ -> ZN v | NR2D3   | 0.019 |   2.679 |    2.667 | 
     | sfp_instance/U3609                             | A1 v -> ZN ^ | NR2D3   | 0.032 |   2.711 |    2.699 | 
     | sfp_instance/U6577                             | A1 ^ -> ZN v | ND2D2   | 0.033 |   2.744 |    2.732 | 
     | sfp_instance/U7654                             | A1 v -> ZN ^ | ND3D2   | 0.029 |   2.773 |    2.762 | 
     | sfp_instance/U1455                             | A1 ^ -> ZN v | ND2D2   | 0.029 |   2.802 |    2.790 | 
     | sfp_instance/U1442                             | A1 v -> ZN ^ | ND2D2   | 0.029 |   2.830 |    2.819 | 
     | sfp_instance/U9663                             | I ^ -> ZN v  | INVD1   | 0.029 |   2.859 |    2.848 | 
     | sfp_instance/U9662                             | B1 v -> ZN ^ | OAI22D4 | 0.057 |   2.916 |    2.904 | 
     | sfp_instance/U1397_dup                         | A2 ^ -> ZN v | ND2D3   | 0.045 |   2.961 |    2.950 | 
     | sfp_instance/U1392                             | A1 v -> ZN ^ | ND2D4   | 0.029 |   2.990 |    2.979 | 
     | sfp_instance/U1381                             | I ^ -> ZN v  | INVD4   | 0.020 |   3.011 |    2.999 | 
     | sfp_instance/FE_RC_4233_0                      | A1 v -> ZN ^ | AOI22D4 | 0.053 |   3.063 |    3.052 | 
     | sfp_instance/FE_RC_1400_0                      | A1 ^ -> ZN v | ND3D8   | 0.065 |   3.128 |    3.117 | 
     | sfp_instance/U3402                             | A1 v -> Z v  | OR2D8   | 0.091 |   3.220 |    3.208 | 
     | sfp_instance/U1356                             | B v -> ZN ^  | AOI21D2 | 0.070 |   3.290 |    3.278 | 
     | sfp_instance/FE_RC_1317_0                      | A1 ^ -> ZN v | OAI21D4 | 0.048 |   3.337 |    3.326 | 
     | sfp_instance/FE_RC_481_0                       | A1 v -> ZN ^ | ND2D8   | 0.048 |   3.386 |    3.374 | 
     | sfp_instance/U5308                             | A1 ^ -> ZN v | CKND2D2 | 0.046 |   3.432 |    3.420 | 
     | sfp_instance/FE_RC_2338_0                      | A1 v -> ZN ^ | OAI21D4 | 0.042 |   3.473 |    3.462 | 
     | sfp_instance/U8971                             | A2 ^ -> ZN v | AOI21D2 | 0.041 |   3.514 |    3.502 | 
     | sfp_instance/U8969                             | B v -> ZN ^  | OAI21D4 | 0.038 |   3.552 |    3.541 | 
     | sfp_instance/FE_RC_447_0                       | A1 ^ -> ZN v | ND2D2   | 0.031 |   3.583 |    3.571 | 
     | sfp_instance/FE_RC_446_0                       | A1 v -> ZN ^ | CKND2D2 | 0.027 |   3.610 |    3.599 | 
     | sfp_instance/U1183                             | A1 ^ -> ZN v | ND2D2   | 0.028 |   3.639 |    3.627 | 
     | sfp_instance/U3002                             | A1 v -> ZN ^ | NR2D3   | 0.043 |   3.682 |    3.670 | 
     | sfp_instance/U17608                            | B ^ -> ZN v  | AOI31D4 | 0.038 |   3.719 |    3.708 | 
     | sfp_instance/U2957                             | A1 v -> ZN ^ | ND2D8   | 0.055 |   3.774 |    3.762 | 
     | sfp_instance/U59                               | A1 ^ -> ZN v | NR2D8   | 0.038 |   3.812 |    3.801 | 
     | sfp_instance/U4437                             | B1 v -> ZN ^ | AOI22D2 | 0.068 |   3.880 |    3.869 | 
     | sfp_instance/FE_RC_3836_0                      | A2 ^ -> ZN v | ND2D3   | 0.042 |   3.923 |    3.911 | 
     | sfp_instance/FE_RC_3835_0                      | A1 v -> ZN ^ | NR2D4   | 0.061 |   3.984 |    3.973 | 
     | sfp_instance/FE_OCPC5451_FE_RN_1024_0          | I ^ -> ZN v  | CKND6   | 0.045 |   4.030 |    4.018 | 
     | sfp_instance/U5559                             | A1 v -> ZN ^ | ND2D3   | 0.030 |   4.059 |    4.048 | 
     | sfp_instance/FE_RC_2331_0                      | B ^ -> ZN v  | OAI21D4 | 0.049 |   4.109 |    4.097 | 
     | sfp_instance/U17650                            | B v -> ZN ^  | AOI21D4 | 0.067 |   4.176 |    4.164 | 
     | sfp_instance/U17738                            | A1 ^ -> ZN v | OAI21D4 | 0.055 |   4.231 |    4.219 | 
     | sfp_instance/U4332                             | A1 v -> ZN ^ | AOI21D4 | 0.061 |   4.291 |    4.280 | 
     | sfp_instance/U23                               | A1 ^ -> ZN v | NR2D8   | 0.034 |   4.325 |    4.314 | 
     | sfp_instance/FE_RC_3785_0                      | B v -> ZN ^  | AOI21D4 | 0.063 |   4.388 |    4.376 | 
     | sfp_instance/U792                              | A1 ^ -> ZN v | ND2D4   | 0.034 |   4.422 |    4.411 | 
     | sfp_instance/U17994                            | A2 v -> ZN ^ | ND3D8   | 0.030 |   4.453 |    4.441 | 
     | sfp_instance/U10852                            | A1 ^ -> Z ^  | OR2D4   | 0.065 |   4.517 |    4.506 | 
     | sfp_instance/U4                                | A1 ^ -> ZN v | NR2XD8  | 0.031 |   4.548 |    4.537 | 
     | sfp_instance/FE_OCPC5574_n21339                | I v -> ZN ^  | INVD2   | 0.028 |   4.576 |    4.564 | 
     | sfp_instance/FE_OCPC5576_n21339                | I ^ -> ZN v  | INVD4   | 0.030 |   4.606 |    4.594 | 
     | sfp_instance/U10346                            | A1 v -> ZN ^ | AOI22D1 | 0.064 |   4.670 |    4.658 | 
     | sfp_instance/R_7242                            | D ^          | EDFQD1  | 0.000 |   4.670 |    4.658 | 
     +------------------------------------------------------------------------------------------------------+ 
Path 4: VIOLATED Setup Check with Pin sfp_instance/R_7775/CP 
Endpoint:   sfp_instance/R_7775/D                              (v) checked with 
leading edge of 'clk'
Beginpoint: sfp_instance/fifo_inst_int/fifo_mem_reg_14__22_/QN (v) triggered by 
leading edge of 'clk'
Path Groups: {clk}
Analysis View: WC_VIEW
Other End Arrival Time          1.173
- Setup                         0.070
+ Phase Shift                   3.500
+ CPPR Adjustment               0.000
= Required Time                 4.603
- Arrival Time                  4.611
= Slack Time                   -0.008
     Clock Rise Edge                 0.000
     + Clock Network Latency (Prop)  0.680
     = Beginpoint Arrival Time       0.680
     +--------------------------------------------------------------------------------------------------------+ 
     |                    Instance                     |     Arc      |   Cell   | Delay | Arrival | Required | 
     |                                                 |              |          |       |  Time   |   Time   | 
     |-------------------------------------------------+--------------+----------+-------+---------+----------| 
     | sfp_instance/fifo_inst_int/fifo_mem_reg_14__22_ | CP ^         |          |       |   0.680 |    0.672 | 
     | sfp_instance/fifo_inst_int/fifo_mem_reg_14__22_ | CP ^ -> QN v | DFD4     | 0.184 |   0.864 |    0.856 | 
     | sfp_instance/fifo_inst_int/FE_RC_5531_0         | A1 v -> ZN ^ | OAI21D4  | 0.040 |   0.905 |    0.896 | 
     | sfp_instance/fifo_inst_int/FE_RC_5530_0         | A1 ^ -> ZN v | NR3D4    | 0.030 |   0.935 |    0.927 | 
     | sfp_instance/fifo_inst_int/FE_RC_5529_0         | A1 v -> ZN ^ | CKND2D8  | 0.047 |   0.982 |    0.974 | 
     | sfp_instance/U12115                             | A1 ^ -> ZN v | NR2XD8   | 0.034 |   1.016 |    1.008 | 
     | sfp_instance/FE_RC_470_0                        | A2 v -> ZN ^ | OAI21D4  | 0.048 |   1.064 |    1.056 | 
     | sfp_instance/FE_RC_1930_0                       | A1 ^ -> ZN v | ND2D2    | 0.037 |   1.101 |    1.093 | 
     | sfp_instance/FE_RC_5480_0                       | B v -> ZN ^  | OAI21D4  | 0.036 |   1.137 |    1.129 | 
     | sfp_instance/FE_OCPC5481_FE_RN_974_0            | I ^ -> Z ^   | BUFFD16  | 0.060 |   1.196 |    1.188 | 
     | sfp_instance/FE_RC_2552_0                       | A1 ^ -> ZN v | ND3D8    | 0.039 |   1.235 |    1.227 | 
     | sfp_instance/U1958                              | A1 v -> ZN ^ | NR2XD4   | 0.035 |   1.270 |    1.262 | 
     | sfp_instance/FE_OCPC5314_n725                   | I ^ -> Z ^   | CKBD4    | 0.051 |   1.321 |    1.313 | 
     | sfp_instance/FE_RC_5475_0                       | A1 ^ -> ZN v | CKND2D2  | 0.025 |   1.347 |    1.339 | 
     | sfp_instance/FE_OCPC3638_n12834                 | I v -> Z v   | BUFFD4   | 0.048 |   1.395 |    1.387 | 
     | sfp_instance/U3963                              | A1 v -> ZN ^ | NR2XD2   | 0.026 |   1.421 |    1.413 | 
     | sfp_instance/FE_RC_16_0                         | A1 ^ -> ZN ^ | INR2D2   | 0.070 |   1.491 |    1.483 | 
     | sfp_instance/U157                               | A1 ^ -> ZN v | NR2XD2   | 0.048 |   1.539 |    1.531 | 
     | sfp_instance/FE_RC_462_0                        | A1 v -> ZN ^ | NR2XD1   | 0.042 |   1.581 |    1.573 | 
     | sfp_instance/FE_RC_461_0                        | A1 ^ -> ZN v | NR2XD2   | 0.030 |   1.610 |    1.602 | 
     | sfp_instance/FE_RC_2679_0                       | A1 v -> ZN ^ | OAI21D4  | 0.048 |   1.659 |    1.650 | 
     | sfp_instance/U146                               | A1 ^ -> ZN v | NR2D8    | 0.029 |   1.688 |    1.680 | 
     | sfp_instance/FE_RC_2519_0                       | A2 v -> ZN ^ | OAI21D4  | 0.080 |   1.767 |    1.759 | 
     | sfp_instance/U1835                              | A1 ^ -> Z ^  | AN2D4    | 0.083 |   1.850 |    1.842 | 
     | sfp_instance/FE_RC_1578_0_dup                   | A2 ^ -> ZN v | AOI21D4  | 0.035 |   1.885 |    1.876 | 
     | sfp_instance/U12206                             | A1 v -> ZN ^ | ND2D4    | 0.026 |   1.911 |    1.903 | 
     | sfp_instance/FE_RC_372_0                        | A1 ^ -> ZN ^ | IND2D4   | 0.047 |   1.958 |    1.950 | 
     | sfp_instance/FE_RC_371_0                        | A2 ^ -> ZN v | CKND2D8  | 0.054 |   2.011 |    2.003 | 
     | sfp_instance/U7752                              | A1 v -> ZN ^ | OAI22D4  | 0.046 |   2.057 |    2.049 | 
     | sfp_instance/U7751                              | A1 ^ -> ZN v | NR2XD2   | 0.033 |   2.091 |    2.083 | 
     | sfp_instance/U4944                              | A2 v -> ZN ^ | CKND2D2  | 0.035 |   2.125 |    2.117 | 
     | sfp_instance/U1681                              | B ^ -> ZN v  | OAI211D4 | 0.063 |   2.189 |    2.180 | 
     | sfp_instance/U10637                             | A1 v -> ZN ^ | AOI21D4  | 0.045 |   2.234 |    2.225 | 
     | sfp_instance/U12243                             | A1 ^ -> ZN v | OAI22D4  | 0.043 |   2.277 |    2.269 | 
     | sfp_instance/U12244                             | A1 v -> ZN ^ | ND2D4    | 0.040 |   2.316 |    2.308 | 
     | sfp_instance/U3739                              | A2 ^ -> ZN v | CKND2D8  | 0.039 |   2.355 |    2.347 | 
     | sfp_instance/FE_OCPC3444_n1023                  | I v -> ZN ^  | INVD3    | 0.026 |   2.381 |    2.373 | 
     | sfp_instance/U3721                              | A1 ^ -> ZN v | ND2D4    | 0.028 |   2.409 |    2.401 | 
     | sfp_instance/U4260                              | A1 v -> ZN ^ | ND2D4    | 0.025 |   2.434 |    2.426 | 
     | sfp_instance/U3698                              | A1 ^ -> ZN v | NR2XD4   | 0.028 |   2.462 |    2.454 | 
     | sfp_instance/U1582                              | I v -> ZN ^  | CKND12   | 0.033 |   2.495 |    2.487 | 
     | sfp_instance/U12342                             | S ^ -> ZN ^  | MUX2ND4  | 0.095 |   2.590 |    2.582 | 
     | sfp_instance/U3650                              | A2 ^ -> ZN v | ND2D2    | 0.037 |   2.627 |    2.619 | 
     | sfp_instance/FE_OCPC3980_n1522                  | I v -> Z v   | BUFFD16  | 0.059 |   2.686 |    2.678 | 
     | sfp_instance/FE_OCPC5662_n1522                  | I v -> ZN ^  | CKND4    | 0.017 |   2.703 |    2.695 | 
     | sfp_instance/U6638                              | A1 ^ -> ZN v | ND2D2    | 0.020 |   2.722 |    2.714 | 
     | sfp_instance/U6637                              | A1 v -> ZN ^ | ND2D2    | 0.024 |   2.746 |    2.738 | 
     | sfp_instance/U7732                              | A1 ^ -> ZN v | ND3D2    | 0.044 |   2.791 |    2.783 | 
     | sfp_instance/U1440                              | A1 v -> ZN ^ | CKND2D2  | 0.033 |   2.824 |    2.816 | 
     | sfp_instance/U1423                              | A1 ^ -> ZN v | ND2D2    | 0.034 |   2.858 |    2.850 | 
     | sfp_instance/U9717                              | A1 v -> ZN ^ | AOI21D4  | 0.033 |   2.891 |    2.883 | 
     | sfp_instance/U9715                              | A1 ^ -> ZN v | OAI22D2  | 0.048 |   2.939 |    2.931 | 
     | sfp_instance/U1388                              | A1 v -> ZN ^ | ND2D3    | 0.042 |   2.981 |    2.973 | 
     | sfp_instance/U1376                              | A1 ^ -> ZN v | ND2D4    | 0.037 |   3.018 |    3.010 | 
     | sfp_instance/U1375                              | I v -> ZN ^  | INVD6    | 0.032 |   3.050 |    3.042 | 
     | sfp_instance/U3406                              | A1 ^ -> ZN v | AOI22D4  | 0.035 |   3.085 |    3.077 | 
     | sfp_instance/FE_RC_226_0                        | A1 v -> ZN ^ | ND3D8    | 0.038 |   3.123 |    3.115 | 
     | sfp_instance/U10835                             | A1 ^ -> Z ^  | OR2D8    | 0.069 |   3.193 |    3.185 | 
     | sfp_instance/FE_RC_4807_0                       | B1 ^ -> ZN v | OAI22D2  | 0.044 |   3.236 |    3.228 | 
     | sfp_instance/FE_RC_758_0                        | I v -> ZN ^  | CKND3    | 0.041 |   3.277 |    3.269 | 
     | sfp_instance/FE_RC_757_0                        | A1 ^ -> ZN v | ND3D8    | 0.081 |   3.358 |    3.350 | 
     | sfp_instance/U6610                              | A1 v -> ZN ^ | NR2XD1   | 0.063 |   3.421 |    3.413 | 
     | sfp_instance/U4790                              | A2 ^ -> ZN v | NR2XD0   | 0.043 |   3.464 |    3.456 | 
     | sfp_instance/FE_RC_2168_0                       | A1 v -> ZN ^ | CKND2D1  | 0.037 |   3.501 |    3.493 | 
     | sfp_instance/FE_RC_2166_0                       | A1 ^ -> ZN v | ND2D2    | 0.033 |   3.534 |    3.526 | 
     | sfp_instance/FE_RC_2167_0                       | I v -> ZN ^  | INVD3    | 0.034 |   3.568 |    3.560 | 
     | sfp_instance/U12858                             | I ^ -> ZN v  | INVD1    | 0.041 |   3.609 |    3.601 | 
     | sfp_instance/U12947                             | A1 v -> ZN ^ | AOI21D1  | 0.054 |   3.664 |    3.656 | 
     | sfp_instance/U12950                             | A1 ^ -> Z v  | CKXOR2D1 | 0.099 |   3.762 |    3.754 | 
     | sfp_instance/U12959                             | A2 v -> Z v  | AO22D1   | 0.093 |   3.856 |    3.848 | 
     | sfp_instance/FE_RC_710_0                        | A1 v -> ZN ^ | NR2XD2   | 0.033 |   3.889 |    3.881 | 
     | sfp_instance/U2800                              | A2 ^ -> ZN v | ND4D3    | 0.069 |   3.958 |    3.950 | 
     | sfp_instance/FE_OCPC4975_n21429                 | I v -> Z v   | BUFFD16  | 0.072 |   4.030 |    4.022 | 
     | sfp_instance/U2713                              | A1 v -> ZN ^ | NR2XD0   | 0.079 |   4.110 |    4.102 | 
     | sfp_instance/U18846                             | A1 ^ -> ZN v | OAI21D1  | 0.056 |   4.165 |    4.157 | 
     | sfp_instance/U18847                             | B v -> ZN ^  | AOI21D2  | 0.069 |   4.235 |    4.227 | 
     | sfp_instance/U9025                              | A1 ^ -> ZN v | OAI21D1  | 0.042 |   4.277 |    4.269 | 
     | sfp_instance/FE_RC_2060_0                       | A1 v -> ZN v | IND2D2   | 0.060 |   4.337 |    4.329 | 
     | sfp_instance/U9680                              | A1 v -> ZN ^ | CKND2D3  | 0.027 |   4.363 |    4.355 | 
     | sfp_instance/U2261                              | A1 ^ -> ZN v | NR2D3    | 0.021 |   4.385 |    4.377 | 
     | sfp_instance/U2244                              | A1 v -> ZN ^ | NR2XD2   | 0.029 |   4.413 |    4.405 | 
     | sfp_instance/U2235                              | A2 ^ -> ZN v | ND2D4    | 0.039 |   4.452 |    4.444 | 
     | sfp_instance/U5921                              | A1 v -> ZN ^ | NR3D1    | 0.060 |   4.512 |    4.504 | 
     | sfp_instance/FE_OFC1752_n21471                  | I ^ -> Z ^   | BUFFD8   | 0.070 |   4.582 |    4.574 | 
     | sfp_instance/U10221                             | A1 ^ -> ZN v | AOI22D4  | 0.029 |   4.611 |    4.603 | 
     | sfp_instance/R_7775                             | D v          | EDFQD1   | 0.000 |   4.611 |    4.603 | 
     +--------------------------------------------------------------------------------------------------------+ 
Path 5: VIOLATED Setup Check with Pin sfp_instance/R_7712/CP 
Endpoint:   sfp_instance/R_7712/D                              (v) checked with 
leading edge of 'clk'
Beginpoint: sfp_instance/fifo_inst_int/fifo_mem_reg_14__22_/QN (v) triggered by 
leading edge of 'clk'
Path Groups: {clk}
Analysis View: WC_VIEW
Other End Arrival Time          1.173
- Setup                         0.072
+ Phase Shift                   3.500
+ CPPR Adjustment               0.000
= Required Time                 4.600
- Arrival Time                  4.608
= Slack Time                   -0.008
     Clock Rise Edge                 0.000
     + Clock Network Latency (Prop)  0.680
     = Beginpoint Arrival Time       0.680
     +--------------------------------------------------------------------------------------------------------+ 
     |                    Instance                     |     Arc      |   Cell   | Delay | Arrival | Required | 
     |                                                 |              |          |       |  Time   |   Time   | 
     |-------------------------------------------------+--------------+----------+-------+---------+----------| 
     | sfp_instance/fifo_inst_int/fifo_mem_reg_14__22_ | CP ^         |          |       |   0.680 |    0.672 | 
     | sfp_instance/fifo_inst_int/fifo_mem_reg_14__22_ | CP ^ -> QN v | DFD4     | 0.184 |   0.864 |    0.856 | 
     | sfp_instance/fifo_inst_int/FE_RC_5531_0         | A1 v -> ZN ^ | OAI21D4  | 0.040 |   0.905 |    0.897 | 
     | sfp_instance/fifo_inst_int/FE_RC_5530_0         | A1 ^ -> ZN v | NR3D4    | 0.030 |   0.935 |    0.927 | 
     | sfp_instance/fifo_inst_int/FE_RC_5529_0         | A1 v -> ZN ^ | CKND2D8  | 0.047 |   0.982 |    0.974 | 
     | sfp_instance/U12115                             | A1 ^ -> ZN v | NR2XD8   | 0.034 |   1.016 |    1.008 | 
     | sfp_instance/FE_RC_470_0                        | A2 v -> ZN ^ | OAI21D4  | 0.048 |   1.064 |    1.056 | 
     | sfp_instance/FE_RC_1930_0                       | A1 ^ -> ZN v | ND2D2    | 0.037 |   1.101 |    1.093 | 
     | sfp_instance/FE_RC_5480_0                       | B v -> ZN ^  | OAI21D4  | 0.036 |   1.137 |    1.129 | 
     | sfp_instance/FE_OCPC5481_FE_RN_974_0            | I ^ -> Z ^   | BUFFD16  | 0.060 |   1.196 |    1.188 | 
     | sfp_instance/FE_RC_2552_0                       | A1 ^ -> ZN v | ND3D8    | 0.039 |   1.235 |    1.227 | 
     | sfp_instance/U1958                              | A1 v -> ZN ^ | NR2XD4   | 0.035 |   1.270 |    1.262 | 
     | sfp_instance/FE_OCPC5314_n725                   | I ^ -> Z ^   | CKBD4    | 0.051 |   1.321 |    1.313 | 
     | sfp_instance/FE_RC_5475_0                       | A1 ^ -> ZN v | CKND2D2  | 0.025 |   1.347 |    1.339 | 
     | sfp_instance/FE_OCPC3638_n12834                 | I v -> Z v   | BUFFD4   | 0.048 |   1.395 |    1.387 | 
     | sfp_instance/U3963                              | A1 v -> ZN ^ | NR2XD2   | 0.026 |   1.421 |    1.413 | 
     | sfp_instance/FE_RC_16_0                         | A1 ^ -> ZN ^ | INR2D2   | 0.070 |   1.491 |    1.483 | 
     | sfp_instance/U157                               | A1 ^ -> ZN v | NR2XD2   | 0.048 |   1.539 |    1.531 | 
     | sfp_instance/FE_RC_462_0                        | A1 v -> ZN ^ | NR2XD1   | 0.042 |   1.581 |    1.573 | 
     | sfp_instance/FE_RC_461_0                        | A1 ^ -> ZN v | NR2XD2   | 0.030 |   1.610 |    1.602 | 
     | sfp_instance/FE_RC_2679_0                       | A1 v -> ZN ^ | OAI21D4  | 0.048 |   1.659 |    1.651 | 
     | sfp_instance/U146                               | A1 ^ -> ZN v | NR2D8    | 0.029 |   1.688 |    1.680 | 
     | sfp_instance/FE_RC_2519_0                       | A2 v -> ZN ^ | OAI21D4  | 0.080 |   1.767 |    1.759 | 
     | sfp_instance/U1835                              | A1 ^ -> Z ^  | AN2D4    | 0.083 |   1.850 |    1.842 | 
     | sfp_instance/FE_RC_1578_0_dup                   | A2 ^ -> ZN v | AOI21D4  | 0.035 |   1.885 |    1.877 | 
     | sfp_instance/U12206                             | A1 v -> ZN ^ | ND2D4    | 0.026 |   1.911 |    1.903 | 
     | sfp_instance/FE_RC_372_0                        | A1 ^ -> ZN ^ | IND2D4   | 0.047 |   1.958 |    1.950 | 
     | sfp_instance/FE_RC_371_0                        | A2 ^ -> ZN v | CKND2D8  | 0.054 |   2.011 |    2.003 | 
     | sfp_instance/U7752                              | A1 v -> ZN ^ | OAI22D4  | 0.046 |   2.057 |    2.049 | 
     | sfp_instance/U7751                              | A1 ^ -> ZN v | NR2XD2   | 0.033 |   2.091 |    2.083 | 
     | sfp_instance/U4944                              | A2 v -> ZN ^ | CKND2D2  | 0.035 |   2.125 |    2.117 | 
     | sfp_instance/U1681                              | B ^ -> ZN v  | OAI211D4 | 0.063 |   2.189 |    2.181 | 
     | sfp_instance/U10637                             | A1 v -> ZN ^ | AOI21D4  | 0.045 |   2.234 |    2.226 | 
     | sfp_instance/U12243                             | A1 ^ -> ZN v | OAI22D4  | 0.043 |   2.277 |    2.269 | 
     | sfp_instance/U12244                             | A1 v -> ZN ^ | ND2D4    | 0.040 |   2.316 |    2.308 | 
     | sfp_instance/U3739                              | A2 ^ -> ZN v | CKND2D8  | 0.039 |   2.355 |    2.347 | 
     | sfp_instance/FE_OCPC3444_n1023                  | I v -> ZN ^  | INVD3    | 0.026 |   2.381 |    2.373 | 
     | sfp_instance/U3721                              | A1 ^ -> ZN v | ND2D4    | 0.028 |   2.409 |    2.401 | 
     | sfp_instance/U4260                              | A1 v -> ZN ^ | ND2D4    | 0.025 |   2.434 |    2.426 | 
     | sfp_instance/U3698                              | A1 ^ -> ZN v | NR2XD4   | 0.028 |   2.462 |    2.454 | 
     | sfp_instance/U1582                              | I v -> ZN ^  | CKND12   | 0.033 |   2.495 |    2.487 | 
     | sfp_instance/U12342                             | S ^ -> ZN ^  | MUX2ND4  | 0.095 |   2.590 |    2.582 | 
     | sfp_instance/U3650                              | A2 ^ -> ZN v | ND2D2    | 0.037 |   2.627 |    2.619 | 
     | sfp_instance/FE_OCPC3980_n1522                  | I v -> Z v   | BUFFD16  | 0.059 |   2.686 |    2.678 | 
     | sfp_instance/FE_OCPC5662_n1522                  | I v -> ZN ^  | CKND4    | 0.017 |   2.703 |    2.695 | 
     | sfp_instance/U6638                              | A1 ^ -> ZN v | ND2D2    | 0.020 |   2.722 |    2.714 | 
     | sfp_instance/U6637                              | A1 v -> ZN ^ | ND2D2    | 0.024 |   2.746 |    2.739 | 
     | sfp_instance/U7732                              | A1 ^ -> ZN v | ND3D2    | 0.044 |   2.791 |    2.783 | 
     | sfp_instance/U1440                              | A1 v -> ZN ^ | CKND2D2  | 0.033 |   2.824 |    2.816 | 
     | sfp_instance/U1423                              | A1 ^ -> ZN v | ND2D2    | 0.034 |   2.858 |    2.850 | 
     | sfp_instance/U9717                              | A1 v -> ZN ^ | AOI21D4  | 0.033 |   2.891 |    2.883 | 
     | sfp_instance/U9715                              | A1 ^ -> ZN v | OAI22D2  | 0.048 |   2.939 |    2.931 | 
     | sfp_instance/U1388                              | A1 v -> ZN ^ | ND2D3    | 0.042 |   2.981 |    2.973 | 
     | sfp_instance/U1376                              | A1 ^ -> ZN v | ND2D4    | 0.037 |   3.018 |    3.011 | 
     | sfp_instance/U1375                              | I v -> ZN ^  | INVD6    | 0.032 |   3.050 |    3.043 | 
     | sfp_instance/U3406                              | A1 ^ -> ZN v | AOI22D4  | 0.035 |   3.085 |    3.077 | 
     | sfp_instance/FE_RC_226_0                        | A1 v -> ZN ^ | ND3D8    | 0.038 |   3.123 |    3.115 | 
     | sfp_instance/U10835                             | A1 ^ -> Z ^  | OR2D8    | 0.069 |   3.193 |    3.185 | 
     | sfp_instance/FE_RC_4807_0                       | B1 ^ -> ZN v | OAI22D2  | 0.044 |   3.236 |    3.228 | 
     | sfp_instance/FE_RC_758_0                        | I v -> ZN ^  | CKND3    | 0.041 |   3.277 |    3.269 | 
     | sfp_instance/FE_RC_757_0                        | A1 ^ -> ZN v | ND3D8    | 0.081 |   3.358 |    3.350 | 
     | sfp_instance/U6610                              | A1 v -> ZN ^ | NR2XD1   | 0.063 |   3.421 |    3.414 | 
     | sfp_instance/U4790                              | A2 ^ -> ZN v | NR2XD0   | 0.043 |   3.464 |    3.457 | 
     | sfp_instance/FE_RC_2168_0                       | A1 v -> ZN ^ | CKND2D1  | 0.037 |   3.501 |    3.494 | 
     | sfp_instance/FE_RC_2166_0                       | A1 ^ -> ZN v | ND2D2    | 0.033 |   3.534 |    3.526 | 
     | sfp_instance/FE_RC_2167_0                       | I v -> ZN ^  | INVD3    | 0.034 |   3.568 |    3.560 | 
     | sfp_instance/U12858                             | I ^ -> ZN v  | INVD1    | 0.041 |   3.609 |    3.602 | 
     | sfp_instance/U12947                             | A1 v -> ZN ^ | AOI21D1  | 0.054 |   3.664 |    3.656 | 
     | sfp_instance/U12950                             | A1 ^ -> Z v  | CKXOR2D1 | 0.099 |   3.762 |    3.754 | 
     | sfp_instance/U12959                             | A2 v -> Z v  | AO22D1   | 0.093 |   3.856 |    3.848 | 
     | sfp_instance/FE_RC_710_0                        | A1 v -> ZN ^ | NR2XD2   | 0.033 |   3.889 |    3.881 | 
     | sfp_instance/U2800                              | A2 ^ -> ZN v | ND4D3    | 0.069 |   3.958 |    3.950 | 
     | sfp_instance/FE_OCPC4975_n21429                 | I v -> Z v   | BUFFD16  | 0.072 |   4.030 |    4.022 | 
     | sfp_instance/U2713                              | A1 v -> ZN ^ | NR2XD0   | 0.079 |   4.110 |    4.102 | 
     | sfp_instance/U18846                             | A1 ^ -> ZN v | OAI21D1  | 0.056 |   4.165 |    4.157 | 
     | sfp_instance/U18847                             | B v -> ZN ^  | AOI21D2  | 0.069 |   4.235 |    4.227 | 
     | sfp_instance/U9025                              | A1 ^ -> ZN v | OAI21D1  | 0.042 |   4.277 |    4.269 | 
     | sfp_instance/FE_RC_2060_0                       | A1 v -> ZN v | IND2D2   | 0.060 |   4.337 |    4.329 | 
     | sfp_instance/U9680                              | A1 v -> ZN ^ | CKND2D3  | 0.027 |   4.363 |    4.355 | 
     | sfp_instance/U2261                              | A1 ^ -> ZN v | NR2D3    | 0.021 |   4.385 |    4.377 | 
     | sfp_instance/U2244                              | A1 v -> ZN ^ | NR2XD2   | 0.029 |   4.413 |    4.405 | 
     | sfp_instance/U2235                              | A2 ^ -> ZN v | ND2D4    | 0.039 |   4.452 |    4.444 | 
     | sfp_instance/FE_RC_2194_0                       | A1 v -> ZN ^ | NR2D2    | 0.035 |   4.487 |    4.479 | 
     | sfp_instance/FE_RC_2193_0                       | A1 ^ -> ZN v | CKND2D2  | 0.039 |   4.526 |    4.518 | 
     | sfp_instance/FE_RC_1242_0                       | I v -> ZN ^  | INVD6    | 0.045 |   4.570 |    4.562 | 
     | sfp_instance/U10232                             | A1 ^ -> ZN v | MAOI22D1 | 0.038 |   4.608 |    4.600 | 
     | sfp_instance/R_7712                             | D v          | EDFQD1   | 0.000 |   4.608 |    4.600 | 
     +--------------------------------------------------------------------------------------------------------+ 

