*----------------------------------------------------------------------------------------
*	Innovus 15.23-s045_1 (64bit) 04/22/2016 12:32 (Linux 2.6.18-194.el5)
*	
*
* 	Date & Time:	2025-Mar-20 14:41:11 (2025-Mar-20 21:41:11 GMT)
*
*----------------------------------------------------------------------------------------
*
*	Design: sram_w16_out
*
*	Liberty Libraries used: 
*	        WC_VIEW: /home/linux/ieng6/ee260bwi25/public/PDKdata/lib/tcbn65gpluswc.lib
*
*	Power Domain used: 
*		Rail:        VDD 	Voltage:        0.9 
*
*       Power View : WC_VIEW
*
*       User-Defined Activity : N.A.
*
*       Activity File: N.A.
*
*       Hierarchical Global Activity: N.A.
*
*       Global Activity: N.A.
*
*       Sequential Element Activity: 0.200000
*
*       Primary Input Activity: 0.200000
*
*       Default icg ratio: N.A.
*
*       Global Comb ClockGate Ratio: N.A.
*
*	Power Units = 1mW
*
*	Time Units = 1e-09 secs 
*
*       report_power -outfile sram_w16_out.post_route.power.rpt
*
-----------------------------------------------------------------------------------------


Total Power 
-----------------------------------------------------------------------------------------
Total Internal Power:        6.29155629 	   77.9991%
Total Switching Power:       1.38709236 	   17.1964%
Total Leakage Power:         0.38753708 	    4.8045%
Total Power:                 8.06618600 
-----------------------------------------------------------------------------------------


Group                           Internal   Switching     Leakage       Total  Percentage 
                                Power      Power         Power         Power  (%)        
-----------------------------------------------------------------------------------------
Sequential                         5.882      0.1046      0.1565       6.144       76.16 
Macro                                  0           0      0.2014      0.2014       2.497 
IO                                     0           0           0           0           0 
Combinational                    0.07502       0.203     0.02191      0.2999       3.718 
Clock (Combinational)             0.3342       1.079    0.007703       1.421       17.62 
Clock (Sequential)                     0           0           0           0           0 
-----------------------------------------------------------------------------------------
Total                              6.292       1.387      0.3875       8.066         100 
-----------------------------------------------------------------------------------------


Rail                  Voltage   Internal   Switching     Leakage       Total  Percentage 
                                Power      Power         Power         Power  (%)        
-----------------------------------------------------------------------------------------
VDD                       0.9      6.292       1.387      0.3875       8.066         100 


Clock                           Internal   Switching     Leakage       Total  Percentage 
                                Power      Power         Power         Power  (%)        
-----------------------------------------------------------------------------------------
CLK                               0.3342       1.079    0.007703       1.421       17.62 
-----------------------------------------------------------------------------------------
Total (excluding duplicates)      0.3342       1.079    0.007703       1.421       17.62 
-----------------------------------------------------------------------------------------


-----------------------------------------------------------------------------------------
*	Power Distribution Summary: 
* 		Highest Average Power:  CTS_ccl_BUF_CLK_G0_L2_39 (CKBD16): 	    0.0437 
* 		Highest Leakage Power:   CTS_ccl_BUF_CLK_G0_L1_2 (CKBD16): 	 0.0002228 
* 		Total Cap: 	3.04437e-11 F
* 		Total instances in design:  9929
* 		Total instances in design with no power:     0
*          Total instances in design with no activity:     0
* 		Total Fillers and Decap:  5261
-----------------------------------------------------------------------------------------

