** NOTE: Created directory path './summaryReport' for file './summaryReport/sram_w16_out.geom.rpt'.
Load RC corner of view WC_VIEW

Begin Power Analysis

    0.00V	    VSS
    0.90V	    VDD

Begin Processing Timing Library for Power Calculation

Begin Processing Timing Library for Power Calculation



Begin Processing Power Net/Grid for Power Calculation

Ended Processing Power Net/Grid for Power Calculation: (cpu=0:00:00, real=0:00:00, mem(process/total)=1221.00MB/1221.00MB)

Begin Processing Timing Window Data for Power Calculation

CK: assigning clock clk to net clk
Ended Processing Timing Window Data for Power Calculation: (cpu=0:00:00, real=0:00:00, mem(process/total)=1221.00MB/1221.00MB)

Begin Processing User Attributes

Ended Processing User Attributes: (cpu=0:00:00, real=0:00:00, mem(process/total)=1221.00MB/1221.00MB)

Begin Processing Signal Activity


Starting Levelizing
2025-Mar-22 13:16:30 (2025-Mar-22 20:16:30 GMT)
2025-Mar-22 13:16:30 (2025-Mar-22 20:16:30 GMT): 10%
2025-Mar-22 13:16:30 (2025-Mar-22 20:16:30 GMT): 20%
2025-Mar-22 13:16:30 (2025-Mar-22 20:16:30 GMT): 30%
2025-Mar-22 13:16:30 (2025-Mar-22 20:16:30 GMT): 40%
2025-Mar-22 13:16:30 (2025-Mar-22 20:16:30 GMT): 50%
2025-Mar-22 13:16:30 (2025-Mar-22 20:16:30 GMT): 60%
2025-Mar-22 13:16:30 (2025-Mar-22 20:16:30 GMT): 70%
2025-Mar-22 13:16:30 (2025-Mar-22 20:16:30 GMT): 80%
2025-Mar-22 13:16:30 (2025-Mar-22 20:16:30 GMT): 90%

Finished Levelizing
2025-Mar-22 13:16:30 (2025-Mar-22 20:16:30 GMT)

Starting Activity Propagation
2025-Mar-22 13:16:30 (2025-Mar-22 20:16:30 GMT)
2025-Mar-22 13:16:30 (2025-Mar-22 20:16:30 GMT): 10%

Finished Activity Propagation
2025-Mar-22 13:16:30 (2025-Mar-22 20:16:30 GMT)
Ended Processing Signal Activity: (cpu=0:00:00, real=0:00:00, mem(process/total)=1221.00MB/1221.00MB)

Begin Power Computation

      ----------------------------------------------------------
      # of cell(s) missing both power/leakage table: 0
      # of cell(s) missing power table: 0
      # of cell(s) missing leakage table: 0
      # of MSMV cell(s) missing power_level: 0
      ----------------------------------------------------------



Starting Calculating power
2025-Mar-22 13:16:30 (2025-Mar-22 20:16:30 GMT)
2025-Mar-22 13:16:30 (2025-Mar-22 20:16:30 GMT): 10%
2025-Mar-22 13:16:30 (2025-Mar-22 20:16:30 GMT): 20%
2025-Mar-22 13:16:30 (2025-Mar-22 20:16:30 GMT): 30%
2025-Mar-22 13:16:30 (2025-Mar-22 20:16:30 GMT): 40%
2025-Mar-22 13:16:30 (2025-Mar-22 20:16:30 GMT): 50%
2025-Mar-22 13:16:30 (2025-Mar-22 20:16:30 GMT): 60%
2025-Mar-22 13:16:30 (2025-Mar-22 20:16:30 GMT): 70%
2025-Mar-22 13:16:30 (2025-Mar-22 20:16:30 GMT): 80%
2025-Mar-22 13:16:30 (2025-Mar-22 20:16:30 GMT): 90%

Finished Calculating power
2025-Mar-22 13:16:30 (2025-Mar-22 20:16:30 GMT)
Ended Power Computation: (cpu=0:00:00, real=0:00:00, mem(process/total)=1226.24MB/1226.24MB)

Begin Processing User Attributes

Ended Processing User Attributes: (cpu=0:00:00, real=0:00:00, mem(process/total)=1226.24MB/1226.24MB)

Ended Power Analysis: (cpu=0:00:00, real=0:00:00, mem(process/total)=1226.24MB/1226.24MB)

Begin Static Power Report Generation
*



Total Power
-----------------------------------------------------------------------------------------
Total Internal Power:        6.29214899 	   77.6347%
Total Switching Power:       1.47045039 	   18.1429%
Total Leakage Power:         0.34221343 	    4.2223%
Total Power:                 8.10481308
-----------------------------------------------------------------------------------------
Ended Static Power Report Generation: (cpu=0:00:00, real=0:00:00,
mem(process/total)=1226.24MB/1226.24MB)


Output file is ./summaryReport/sram_w16_out.post_route.power.rpt
Start to collect the design information.
Build netlist information for Cell sram_w16_out.
Finished collecting the design information.
Generating standard cells used in the design report.
Analyze library ... 
Analyze netlist ... 
Analyze timing ... 
Analyze floorplan/placement ... 
Analysis Routing ...
Report saved in file ./summaryReport/sram_w16_out.post_route.summary.rpt.
