xrun(64): 20.09-s017: (c) Copyright 1995-2021 Cadence Design Systems, Inc.
TOOL:	xrun(64)	20.09-s017: Started on Mar 22, 2025 at 15:22:38 PDT
xrun
	+gui
	+access+rwc
	+xm64bit
	+xmstatus
	+xmtimescale+1ns/1ps
	+xmoveride_timescale
	-v ./netlist/core.out.v
	-v /home/linux/ieng6/ee260bwi25/public/PDKdata/verilog/tcbn65gplus.v
	./netlist/core_tb.v
	+xmseq_udp_delay+20ps

   User defined plus("+") options:
	+xmoveride_timescale

Recompiling... reason: file './netlist/core_tb.v' is newer than expected.
	expected: Wed Mar 19 16:59:05 2025
	actual:   Thu Mar 20 11:40:37 2025
file: ./netlist/core_tb.v
	module worklib.core_tb:v
		errors: 0, warnings: 0
xmvlog: Memory Usage - Current physical: 28.9M, Current virtual: 100.7M
xmvlog: CPU Usage - 0.1s system + 0.8s user = 0.9s total (1.0s, 86.9% cpu)
xmelab: *N,INFSUD: -NOSPECIFY is automatically used with -SEQ_UDP_DELAY.
		Caching library 'worklib' ....... Done
		Caching library 'core' ....... Done
		Caching library 'tcbn65gplus' ....... Done
	Elaborating the design hierarchy:
	Top level design units:
		core_tb
	Building instance overlay tables: .................... Done
	Generating native compiled code:
		worklib.core_tb:v <0x0d196ca4>
			streams:  28, words: 43609
	Building instance specific data structures.
	Loading native compiled code:     .................... Done
	Design hierarchy summary:
		                   Instances  Unique
		Modules:               22293      66
		UDPs:                  25271       3
		Primitives:            67846       8
		Registers:              8387      39
		Scalar wires:          16787       -
		Expanded wires:           72       3
		Vectored wires:            1       -
		Initial blocks:           14      14
		Cont. assignments:        11      11
		Pseudo assignments:        3       3
		Simulation timescale:    1ps
	Writing initial simulation snapshot: worklib.core_tb:v
xmelab: Memory Usage - Final: 53.3M, Peak: 59.7M, Peak virtual: 184.2M
xmelab: CPU Usage - 0.1s system + 2.8s user = 2.9s total (3.1s, 93.5% cpu)

-------------------------------------
Relinquished control to SimVision...
xcelium> 
xcelium> source /software/ECE/XCELIUM-2009/tools/xcelium/files/xmsimrc
xcelium> database -open waves -into waves.shm -default
Created default SHM database waves
xcelium> probe -create -shm core_tb.K core_tb.Q core_tb.captured_data core_tb.clk core_tb.execute core_tb.i core_tb.inst core_tb.j core_tb.k core_tb.kmem_rd core_tb.kmem_wr core_tb.load core_tb.m core_tb.mem_in core_tb.ofifo_rd core_tb.p core_tb.pmem_add core_tb.pmem_out core_tb.pmem_rd core_tb.pmem_wr core_tb.q core_tb.qk_file core_tb.qk_scan_file core_tb.qkmem_add core_tb.qmem_rd core_tb.qmem_wr core_tb.reset core_tb.result core_tb.s core_tb.sum core_tb.t core_tb.temp5b core_tb.temp16b core_tb.temp_sum core_tb.u core_tb.weight
Created probe 1
xcelium> run
##### Q data txt reading #####
##### K data txt reading #####
##### Estimated multiplication result #####
prd @cycle 0: 00006fffa3000640000cfffa0fffe0fffea00003
prd @cycle 1: 000230000100023fffe0ffffc00002ffff00004b
prd @cycle 2: fffc6fffa50005400030fffde0000a0002cffff0
prd @cycle 3: 00005fffd000050fffe7fffabfffaffffeafffbd
prd @cycle 4: 00028ffff80004b00038fffd6fffdffffd20000b
prd @cycle 5: 0004200040ffffd0002e000250005f00024ffff6
prd @cycle 6: 0006100075fffd60001d000260002bffffefffd3
prd @cycle 7: 00004fffef0001a0000b0000000008ffff40001e
##### Qmem writing  #####
##### Kmem writing #####
##### K data loading to processor #####
##### execute #####
##### move ofifo to pmem #####
##### display multiplication result from pmem #####
prd @PMEM Add 0: 00006fffa3000640000cfffa0fffe0fffea00003
prd @PMEM Add 1: 000230000100023fffe0ffffc00002ffff00004b
prd @PMEM Add 2: fffc6fffa50005400030fffde0000a0002cffff0
prd @PMEM Add 3: 00005fffd000050fffe7fffabfffaffffeafffbd
prd @PMEM Add 4: 00028ffff80004b00038fffd6fffdffffd20000b
prd @PMEM Add 5: 0004200040ffffd0002e000250005f00024ffff6
prd @PMEM Add 6: 0006100075fffd60001d000260002bffffefffd3
prd @PMEM Add 7: 00004fffef0001a0000b0000000008ffff40001e
Simulation complete via $finish(1) at time 109 NS + 0
./netlist/core_tb.v:405   #10 $finish;
xcelium> ^C
xcelium> exit
xmsim: Memory Usage - Final: 100.6M, Peak: 126.3M, Peak virtual: 463.1M
xmsim: Main Thread CPU Usage - 100.9s system + 61.8s user = 162.7s total
xmsim: CPU Usage - 100.8s system + 61.5s user = 162.4s total (6726.5s, 2.4% cpu)
TOOL:	xrun(64)	20.09-s017: Exiting on Mar 22, 2025 at 17:14:50 PDT  (total: 01:52:12)
