*----------------------------------------------------------------------------------------
*	Innovus 15.23-s045_1 (64bit) 04/22/2016 12:32 (Linux 2.6.18-194.el5)
*	
*
* 	Date & Time:	2025-Mar-20 15:52:51 (2025-Mar-20 22:52:51 GMT)
*
*----------------------------------------------------------------------------------------
*
*	Design: sram_w16_in
*
*	Liberty Libraries used: 
*	        WC_VIEW: /home/linux/ieng6/ee260bwi25/public/PDKdata/lib/tcbn65gpluswc.lib
*
*	Power Domain used: 
*		Rail:        VDD 	Voltage:        0.9 
*
*       Power View : WC_VIEW
*
*       User-Defined Activity : N.A.
*
*       Activity File: N.A.
*
*       Hierarchical Global Activity: N.A.
*
*       Global Activity: N.A.
*
*       Sequential Element Activity: 0.200000
*
*       Primary Input Activity: 0.200000
*
*       Default icg ratio: N.A.
*
*       Global Comb ClockGate Ratio: N.A.
*
*	Power Units = 1mW
*
*	Time Units = 1e-09 secs 
*
*       report_power -outfile ./summaryReport/sram_w16_in.post_route.power.rpt
*
-----------------------------------------------------------------------------------------


Total Power 
-----------------------------------------------------------------------------------------
Total Internal Power:        2.51659695 	   77.7201%
Total Switching Power:       0.55353819 	   17.0949%
Total Leakage Power:         0.16789195 	    5.1850%
Total Power:                 3.23802720 
-----------------------------------------------------------------------------------------


Group                           Internal   Switching     Leakage       Total  Percentage 
                                Power      Power         Power         Power  (%)        
-----------------------------------------------------------------------------------------
Sequential                         2.353     0.04246     0.06261       2.458        75.9 
Macro                                  0           0     0.09337     0.09337       2.884 
IO                                     0           0           0           0           0 
Combinational                    0.03057     0.08236    0.008838      0.1218       3.761 
Clock (Combinational)             0.1334      0.4287    0.003069      0.5651       17.45 
Clock (Sequential)                     0           0           0           0           0 
-----------------------------------------------------------------------------------------
Total                              2.517      0.5535      0.1679       3.238         100 
-----------------------------------------------------------------------------------------


Rail                  Voltage   Internal   Switching     Leakage       Total  Percentage 
                                Power      Power         Power         Power  (%)        
-----------------------------------------------------------------------------------------
VDD                       0.9      2.517      0.5535      0.1679       3.238         100 


Clock                           Internal   Switching     Leakage       Total  Percentage 
                                Power      Power         Power         Power  (%)        
-----------------------------------------------------------------------------------------
CLK                               0.1334      0.4287    0.003069      0.5651       17.45 
-----------------------------------------------------------------------------------------
Total (excluding duplicates)      0.1334      0.4287    0.003069      0.5651       17.45 
-----------------------------------------------------------------------------------------


-----------------------------------------------------------------------------------------
*	Power Distribution Summary: 
* 		Highest Average Power:  CTS_ccl_BUF_CLK_G0_L2_14 (CKBD16): 	   0.04153 
* 		Highest Leakage Power:   CTS_ccl_BUF_CLK_G0_L1_1 (CKBD16): 	 0.0002228 
* 		Total Cap: 	1.2258e-11 F
* 		Total instances in design:  4173
* 		Total instances in design with no power:     0
*          Total instances in design with no activity:     0
* 		Total Fillers and Decap:  2285
-----------------------------------------------------------------------------------------

