###############################################################
#  Generated by:      Cadence Innovus 15.23-s045_1
#  OS:                Linux x86_64(Host ID ieng6-ece-02.ucsd.edu)
#  Generated on:      Sat Mar 22 12:44:48 2025
#  Design:            sram_w16_in
#  Command:           report_timing -max_paths 5 > ./summaryReport/${design}.post_route.timing.rpt
###############################################################
Path 1: MET Setup Check with Pin memory11_reg_35_/CP 
Endpoint:   memory11_reg_35_/E (^) checked with  leading edge of 'clk'
Beginpoint: A[2]               (v) triggered by  leading edge of 'clk'
Path Groups: {clk}
Analysis View: WC_VIEW
Other End Arrival Time          0.158
- Setup                         0.141
+ Phase Shift                   3.500
+ CPPR Adjustment               0.000
= Required Time                 3.516
- Arrival Time                  2.110
= Slack Time                    1.406
     Clock Rise Edge                      0.000
     + Input Delay                        0.550
     = Beginpoint Arrival Time            0.550
     +------------------------------------------------------------------------+ 
     |     Instance     |     Arc      |  Cell   | Delay | Arrival | Required | 
     |                  |              |         |       |  Time   |   Time   | 
     |------------------+--------------+---------+-------+---------+----------| 
     |                  | A[2] v       |         |       |   0.550 |    1.956 | 
     | U757             | I v -> ZN ^  | CKND0   | 0.042 |   0.592 |    1.998 | 
     | U769             | A2 ^ -> ZN v | CKND2D0 | 0.110 |   0.702 |    2.108 | 
     | U848             | A2 v -> ZN ^ | NR2XD0  | 0.258 |   0.960 |    2.366 | 
     | FE_OFC16_n1349   | I ^ -> Z ^   | CKBD3   | 0.311 |   1.271 |    2.678 | 
     | U849             | A1 ^ -> ZN ^ | INR2D0  | 0.472 |   1.743 |    3.150 | 
     | FE_OFC29_N162    | I ^ -> Z ^   | CKBD4   | 0.337 |   2.080 |    3.486 | 
     | memory11_reg_35_ | E ^          | EDFQD1  | 0.030 |   2.110 |    3.516 | 
     +------------------------------------------------------------------------+ 
Path 2: MET Setup Check with Pin memory11_reg_19_/CP 
Endpoint:   memory11_reg_19_/E (^) checked with  leading edge of 'clk'
Beginpoint: A[2]               (v) triggered by  leading edge of 'clk'
Path Groups: {clk}
Analysis View: WC_VIEW
Other End Arrival Time          0.157
- Setup                         0.141
+ Phase Shift                   3.500
+ CPPR Adjustment               0.000
= Required Time                 3.516
- Arrival Time                  2.110
= Slack Time                    1.406
     Clock Rise Edge                      0.000
     + Input Delay                        0.550
     = Beginpoint Arrival Time            0.550
     +------------------------------------------------------------------------+ 
     |     Instance     |     Arc      |  Cell   | Delay | Arrival | Required | 
     |                  |              |         |       |  Time   |   Time   | 
     |------------------+--------------+---------+-------+---------+----------| 
     |                  | A[2] v       |         |       |   0.550 |    1.956 | 
     | U757             | I v -> ZN ^  | CKND0   | 0.042 |   0.592 |    1.998 | 
     | U769             | A2 ^ -> ZN v | CKND2D0 | 0.110 |   0.702 |    2.108 | 
     | U848             | A2 v -> ZN ^ | NR2XD0  | 0.258 |   0.960 |    2.366 | 
     | FE_OFC16_n1349   | I ^ -> Z ^   | CKBD3   | 0.311 |   1.271 |    2.678 | 
     | U849             | A1 ^ -> ZN ^ | INR2D0  | 0.472 |   1.743 |    3.150 | 
     | FE_OFC29_N162    | I ^ -> Z ^   | CKBD4   | 0.337 |   2.080 |    3.486 | 
     | memory11_reg_19_ | E ^          | EDFQD1  | 0.030 |   2.110 |    3.516 | 
     +------------------------------------------------------------------------+ 
Path 3: MET Setup Check with Pin memory11_reg_45_/CP 
Endpoint:   memory11_reg_45_/E (^) checked with  leading edge of 'clk'
Beginpoint: A[2]               (v) triggered by  leading edge of 'clk'
Path Groups: {clk}
Analysis View: WC_VIEW
Other End Arrival Time          0.158
- Setup                         0.143
+ Phase Shift                   3.500
+ CPPR Adjustment               0.000
= Required Time                 3.515
- Arrival Time                  2.108
= Slack Time                    1.407
     Clock Rise Edge                      0.000
     + Input Delay                        0.550
     = Beginpoint Arrival Time            0.550
     +------------------------------------------------------------------------+ 
     |     Instance     |     Arc      |  Cell   | Delay | Arrival | Required | 
     |                  |              |         |       |  Time   |   Time   | 
     |------------------+--------------+---------+-------+---------+----------| 
     |                  | A[2] v       |         |       |   0.550 |    1.957 | 
     | U757             | I v -> ZN ^  | CKND0   | 0.042 |   0.592 |    1.999 | 
     | U769             | A2 ^ -> ZN v | CKND2D0 | 0.110 |   0.702 |    2.109 | 
     | U848             | A2 v -> ZN ^ | NR2XD0  | 0.258 |   0.960 |    2.367 | 
     | FE_OFC16_n1349   | I ^ -> Z ^   | CKBD3   | 0.311 |   1.271 |    2.678 | 
     | U849             | A1 ^ -> ZN ^ | INR2D0  | 0.472 |   1.743 |    3.150 | 
     | FE_OFC29_N162    | I ^ -> Z ^   | CKBD4   | 0.337 |   2.080 |    3.487 | 
     | memory11_reg_45_ | E ^          | EDFQD1  | 0.028 |   2.108 |    3.515 | 
     +------------------------------------------------------------------------+ 
Path 4: MET Setup Check with Pin memory11_reg_7_/CP 
Endpoint:   memory11_reg_7_/E (^) checked with  leading edge of 'clk'
Beginpoint: A[2]              (v) triggered by  leading edge of 'clk'
Path Groups: {clk}
Analysis View: WC_VIEW
Other End Arrival Time          0.158
- Setup                         0.141
+ Phase Shift                   3.500
+ CPPR Adjustment               0.000
= Required Time                 3.517
- Arrival Time                  2.110
= Slack Time                    1.407
     Clock Rise Edge                      0.000
     + Input Delay                        0.550
     = Beginpoint Arrival Time            0.550
     +-----------------------------------------------------------------------+ 
     |    Instance     |     Arc      |  Cell   | Delay | Arrival | Required | 
     |                 |              |         |       |  Time   |   Time   | 
     |-----------------+--------------+---------+-------+---------+----------| 
     |                 | A[2] v       |         |       |   0.550 |    1.957 | 
     | U757            | I v -> ZN ^  | CKND0   | 0.042 |   0.592 |    1.999 | 
     | U769            | A2 ^ -> ZN v | CKND2D0 | 0.110 |   0.702 |    2.109 | 
     | U848            | A2 v -> ZN ^ | NR2XD0  | 0.258 |   0.960 |    2.367 | 
     | FE_OFC16_n1349  | I ^ -> Z ^   | CKBD3   | 0.311 |   1.271 |    2.678 | 
     | U849            | A1 ^ -> ZN ^ | INR2D0  | 0.472 |   1.743 |    3.150 | 
     | FE_OFC29_N162   | I ^ -> Z ^   | CKBD4   | 0.337 |   2.080 |    3.487 | 
     | memory11_reg_7_ | E ^          | EDFQD1  | 0.030 |   2.110 |    3.517 | 
     +-----------------------------------------------------------------------+ 
Path 5: MET Setup Check with Pin memory11_reg_61_/CP 
Endpoint:   memory11_reg_61_/E (^) checked with  leading edge of 'clk'
Beginpoint: A[2]               (v) triggered by  leading edge of 'clk'
Path Groups: {clk}
Analysis View: WC_VIEW
Other End Arrival Time          0.159
- Setup                         0.141
+ Phase Shift                   3.500
+ CPPR Adjustment               0.000
= Required Time                 3.518
- Arrival Time                  2.110
= Slack Time                    1.408
     Clock Rise Edge                      0.000
     + Input Delay                        0.550
     = Beginpoint Arrival Time            0.550
     +------------------------------------------------------------------------+ 
     |     Instance     |     Arc      |  Cell   | Delay | Arrival | Required | 
     |                  |              |         |       |  Time   |   Time   | 
     |------------------+--------------+---------+-------+---------+----------| 
     |                  | A[2] v       |         |       |   0.550 |    1.958 | 
     | U757             | I v -> ZN ^  | CKND0   | 0.042 |   0.592 |    2.000 | 
     | U769             | A2 ^ -> ZN v | CKND2D0 | 0.110 |   0.702 |    2.110 | 
     | U848             | A2 v -> ZN ^ | NR2XD0  | 0.258 |   0.960 |    2.368 | 
     | FE_OFC16_n1349   | I ^ -> Z ^   | CKBD3   | 0.311 |   1.271 |    2.679 | 
     | U849             | A1 ^ -> ZN ^ | INR2D0  | 0.472 |   1.743 |    3.151 | 
     | FE_OFC29_N162    | I ^ -> Z ^   | CKBD4   | 0.337 |   2.080 |    3.488 | 
     | memory11_reg_61_ | E ^          | EDFQD1  | 0.030 |   2.110 |    3.518 | 
     +------------------------------------------------------------------------+ 

