*----------------------------------------------------------------------------------------
*	Innovus 15.23-s045_1 (64bit) 04/22/2016 12:32 (Linux 2.6.18-194.el5)
*	
*
* 	Date & Time:	2025-Mar-09 17:47:35 (2025-Mar-10 00:47:35 GMT)
*
*----------------------------------------------------------------------------------------
*
*	Design: core
*
*	Liberty Libraries used: 
*	        WC_VIEW: /home/linux/ieng6/ee260bwi25/public/PDKdata/lib/tcbn65gpluswc.lib
*
*	Power Domain used: 
*		Rail:        VDD 	Voltage:        0.9 
*
*       Power View : WC_VIEW
*
*       User-Defined Activity : N.A.
*
*       Activity File: N.A.
*
*       Hierarchical Global Activity: N.A.
*
*       Global Activity: N.A.
*
*       Sequential Element Activity: 0.200000
*
*       Primary Input Activity: 0.200000
*
*       Default icg ratio: N.A.
*
*       Global Comb ClockGate Ratio: N.A.
*
*	Power Units = 1mW
*
*	Time Units = 1e-09 secs 
*
*       report_power -outfile core.post_route.power.rpt
*
-----------------------------------------------------------------------------------------


Total Power 
-----------------------------------------------------------------------------------------
Total Internal Power:       27.88261758 	   72.2283%
Total Switching Power:       9.13676465 	   23.6683%
Total Leakage Power:         1.58405527 	    4.1034%
Total Power:                38.60343761 
-----------------------------------------------------------------------------------------


Group                           Internal   Switching     Leakage       Total  Percentage 
                                Power      Power         Power         Power  (%)        
-----------------------------------------------------------------------------------------
Sequential                         20.83      0.7626      0.4787       22.07       57.16 
Macro                                  0           0      0.6051      0.6051       1.567 
IO                                     0           0           0           0           0 
Combinational                      6.015       5.039      0.4762       11.53       29.87 
Clock (Combinational)              1.042       3.335       0.024       4.402        11.4 
Clock (Sequential)                     0           0           0           0           0 
-----------------------------------------------------------------------------------------
Total                              27.88       9.137       1.584        38.6         100 
-----------------------------------------------------------------------------------------


Rail                  Voltage   Internal   Switching     Leakage       Total  Percentage 
                                Power      Power         Power         Power  (%)        
-----------------------------------------------------------------------------------------
VDD                       0.9      27.88       9.137       1.584        38.6         100 


Clock                           Internal   Switching     Leakage       Total  Percentage 
                                Power      Power         Power         Power  (%)        
-----------------------------------------------------------------------------------------
clk                                1.042       3.335       0.024       4.402        11.4 
-----------------------------------------------------------------------------------------
Total (excluding duplicates)       1.042       3.335       0.024       4.402        11.4 
-----------------------------------------------------------------------------------------


-----------------------------------------------------------------------------------------
*	Power Distribution Summary: 
* 		Highest Average Power:  CTS_ccl_BUF_clk_G0_L3_85 (CKBD16): 	   0.04363 
* 		Highest Leakage Power: mac_array_instance/col_idx_8__mac_col_inst/mac_16in_instance/intadd_1_U2 (FA1D4): 	 0.0002578 
* 		Total Cap: 	1.928e-10 F
* 		Total instances in design: 44047
* 		Total instances in design with no power:     0
*          Total instances in design with no activity:     0
* 		Total Fillers and Decap: 16864
-----------------------------------------------------------------------------------------

