VERIFY_CONNECTIVITY use new engine.

******** Start: VERIFY CONNECTIVITY ********
Start Time: Sat Mar 22 08:49:44 2025

Design Name: core
Database Units: 2000
Design Boundary: (0.0000, 0.0000) (900.0000, 650.0000)
Error Limit = 1000; Warning Limit = 50
Check all nets
Multi-CPU acceleration using 8 CPU(s).
**** 08:49:45 **** Processed 5000 nets (Total 6376) in Job 3
**** 08:49:45 **** Processed 5000 nets (Total 6376) in Job 5
**** 08:49:45 **** Processed 5000 nets (Total 6376) in Job 4
**** 08:49:45 **** Processed 5000 nets (Total 6376) in Job 8
**** 08:49:45 **** Processed 5000 nets (Total 6376) in Job 6
**** 08:49:45 **** Processed 5000 nets (Total 6376) in Job 7
**** 08:49:46 **** Processed 5000 nets (Total 6376) in Job 9
**** 08:49:46 **** Processed 5000 nets (Total 6370) in Job 10

Begin Summary 
  Found no problems or warnings.
End Summary

End Time: Sat Mar 22 08:49:46 2025
Time Elapsed: 0:00:02.0

******** End: VERIFY CONNECTIVITY ********
  Verification Complete : 0 Viols.  0 Wrngs.
  (CPU Time: 0:00:00.9  MEM: 5.656M)

